------------------------------------------------------------
TimeQuest Timing Analyzer Summary
------------------------------------------------------------

Type  : Slow 1200mV 85C Model Setup 'sys_clk'
Slack : -47.250
TNS   : -1109.659

Type  : Slow 1200mV 85C Model Setup 'seg:u_seg|dri_clk'
Slack : -36.807
TNS   : -566.459

Type  : Slow 1200mV 85C Model Setup 'mux:u_mux|cnt[0]'
Slack : -8.659
TNS   : -104.717

Type  : Slow 1200mV 85C Model Setup 'key:u_key|D_ff_1[1]'
Slack : -3.181
TNS   : -50.418

Type  : Slow 1200mV 85C Model Setup 'count_1s:u_count_1|flag_1m'
Slack : -1.790
TNS   : -14.320

Type  : Slow 1200mV 85C Model Setup 'count_1s:u_count_1|clk_1s'
Slack : -1.700
TNS   : -15.030

Type  : Slow 1200mV 85C Model Setup 'key:u_key|D_ff_1[2]'
Slack : -1.612
TNS   : -2.711

Type  : Slow 1200mV 85C Model Setup 'key:u_key|D_ff_1[0]'
Slack : 0.114
TNS   : 0.000

Type  : Slow 1200mV 85C Model Hold 'mux:u_mux|cnt[0]'
Slack : -0.986
TNS   : -12.282

Type  : Slow 1200mV 85C Model Hold 'key:u_key|D_ff_1[2]'
Slack : -0.867
TNS   : -1.260

Type  : Slow 1200mV 85C Model Hold 'sys_clk'
Slack : -0.010
TNS   : -0.010

Type  : Slow 1200mV 85C Model Hold 'seg:u_seg|dri_clk'
Slack : 0.434
TNS   : 0.000

Type  : Slow 1200mV 85C Model Hold 'key:u_key|D_ff_1[0]'
Slack : 0.497
TNS   : 0.000

Type  : Slow 1200mV 85C Model Hold 'count_1s:u_count_1|flag_1m'
Slack : 0.549
TNS   : 0.000

Type  : Slow 1200mV 85C Model Hold 'key:u_key|D_ff_1[1]'
Slack : 0.654
TNS   : 0.000

Type  : Slow 1200mV 85C Model Hold 'count_1s:u_count_1|clk_1s'
Slack : 0.772
TNS   : 0.000

Type  : Slow 1200mV 85C Model Recovery 'seg:u_seg|dri_clk'
Slack : -3.433
TNS   : -152.271

Type  : Slow 1200mV 85C Model Recovery 'count_1s:u_count_1|clk_1s'
Slack : -2.797
TNS   : -25.173

Type  : Slow 1200mV 85C Model Recovery 'sys_clk'
Slack : -2.766
TNS   : -173.180

Type  : Slow 1200mV 85C Model Recovery 'key:u_key|D_ff_1[0]'
Slack : -2.560
TNS   : -2.560

Type  : Slow 1200mV 85C Model Recovery 'key:u_key|D_ff_1[1]'
Slack : -2.474
TNS   : -39.106

Type  : Slow 1200mV 85C Model Recovery 'key:u_key|D_ff_1[2]'
Slack : -2.288
TNS   : -4.287

Type  : Slow 1200mV 85C Model Recovery 'count_1s:u_count_1|flag_1m'
Slack : -2.216
TNS   : -17.728

Type  : Slow 1200mV 85C Model Removal 'key:u_key|D_ff_1[1]'
Slack : 1.913
TNS   : 0.000

Type  : Slow 1200mV 85C Model Removal 'key:u_key|D_ff_1[2]'
Slack : 1.963
TNS   : 0.000

Type  : Slow 1200mV 85C Model Removal 'count_1s:u_count_1|flag_1m'
Slack : 2.190
TNS   : 0.000

Type  : Slow 1200mV 85C Model Removal 'key:u_key|D_ff_1[0]'
Slack : 2.568
TNS   : 0.000

Type  : Slow 1200mV 85C Model Removal 'count_1s:u_count_1|clk_1s'
Slack : 2.776
TNS   : 0.000

Type  : Slow 1200mV 85C Model Removal 'sys_clk'
Slack : 2.825
TNS   : 0.000

Type  : Slow 1200mV 85C Model Removal 'seg:u_seg|dri_clk'
Slack : 2.907
TNS   : 0.000

Type  : Slow 1200mV 85C Model Minimum Pulse Width 'sys_clk'
Slack : -3.000
TNS   : -138.317

Type  : Slow 1200mV 85C Model Minimum Pulse Width 'seg:u_seg|dri_clk'
Slack : -1.487
TNS   : -72.863

Type  : Slow 1200mV 85C Model Minimum Pulse Width 'key:u_key|D_ff_1[1]'
Slack : -1.487
TNS   : -23.792

Type  : Slow 1200mV 85C Model Minimum Pulse Width 'count_1s:u_count_1|clk_1s'
Slack : -1.487
TNS   : -13.383

Type  : Slow 1200mV 85C Model Minimum Pulse Width 'count_1s:u_count_1|flag_1m'
Slack : -1.487
TNS   : -11.896

Type  : Slow 1200mV 85C Model Minimum Pulse Width 'key:u_key|D_ff_1[2]'
Slack : -1.487
TNS   : -2.974

Type  : Slow 1200mV 85C Model Minimum Pulse Width 'key:u_key|D_ff_1[0]'
Slack : -1.487
TNS   : -1.487

Type  : Slow 1200mV 85C Model Minimum Pulse Width 'mux:u_mux|cnt[0]'
Slack : 0.416
TNS   : 0.000

Type  : Slow 1200mV 0C Model Setup 'sys_clk'
Slack : -43.165
TNS   : -1013.696

Type  : Slow 1200mV 0C Model Setup 'seg:u_seg|dri_clk'
Slack : -33.512
TNS   : -515.289

Type  : Slow 1200mV 0C Model Setup 'mux:u_mux|cnt[0]'
Slack : -8.122
TNS   : -98.373

Type  : Slow 1200mV 0C Model Setup 'key:u_key|D_ff_1[1]'
Slack : -2.897
TNS   : -45.899

Type  : Slow 1200mV 0C Model Setup 'count_1s:u_count_1|flag_1m'
Slack : -1.613
TNS   : -12.904

Type  : Slow 1200mV 0C Model Setup 'count_1s:u_count_1|clk_1s'
Slack : -1.494
TNS   : -13.420

Type  : Slow 1200mV 0C Model Setup 'key:u_key|D_ff_1[2]'
Slack : -1.490
TNS   : -2.473

Type  : Slow 1200mV 0C Model Setup 'key:u_key|D_ff_1[0]'
Slack : 0.208
TNS   : 0.000

Type  : Slow 1200mV 0C Model Hold 'key:u_key|D_ff_1[2]'
Slack : -0.865
TNS   : -1.277

Type  : Slow 1200mV 0C Model Hold 'mux:u_mux|cnt[0]'
Slack : -0.764
TNS   : -8.635

Type  : Slow 1200mV 0C Model Hold 'sys_clk'
Slack : 0.022
TNS   : 0.000

Type  : Slow 1200mV 0C Model Hold 'seg:u_seg|dri_clk'
Slack : 0.387
TNS   : 0.000

Type  : Slow 1200mV 0C Model Hold 'key:u_key|D_ff_1[0]'
Slack : 0.445
TNS   : 0.000

Type  : Slow 1200mV 0C Model Hold 'count_1s:u_count_1|flag_1m'
Slack : 0.506
TNS   : 0.000

Type  : Slow 1200mV 0C Model Hold 'key:u_key|D_ff_1[1]'
Slack : 0.581
TNS   : 0.000

Type  : Slow 1200mV 0C Model Hold 'count_1s:u_count_1|clk_1s'
Slack : 0.716
TNS   : 0.000

Type  : Slow 1200mV 0C Model Recovery 'seg:u_seg|dri_clk'
Slack : -3.089
TNS   : -137.301

Type  : Slow 1200mV 0C Model Recovery 'count_1s:u_count_1|clk_1s'
Slack : -2.516
TNS   : -22.644

Type  : Slow 1200mV 0C Model Recovery 'sys_clk'
Slack : -2.388
TNS   : -149.625

Type  : Slow 1200mV 0C Model Recovery 'key:u_key|D_ff_1[1]'
Slack : -2.169
TNS   : -34.251

Type  : Slow 1200mV 0C Model Recovery 'key:u_key|D_ff_1[0]'
Slack : -2.116
TNS   : -2.116

Type  : Slow 1200mV 0C Model Recovery 'count_1s:u_count_1|flag_1m'
Slack : -1.879
TNS   : -15.032

Type  : Slow 1200mV 0C Model Recovery 'key:u_key|D_ff_1[2]'
Slack : -1.853
TNS   : -3.446

Type  : Slow 1200mV 0C Model Removal 'key:u_key|D_ff_1[2]'
Slack : 1.650
TNS   : 0.000

Type  : Slow 1200mV 0C Model Removal 'key:u_key|D_ff_1[1]'
Slack : 1.736
TNS   : 0.000

Type  : Slow 1200mV 0C Model Removal 'count_1s:u_count_1|flag_1m'
Slack : 1.948
TNS   : 0.000

Type  : Slow 1200mV 0C Model Removal 'key:u_key|D_ff_1[0]'
Slack : 2.216
TNS   : 0.000

Type  : Slow 1200mV 0C Model Removal 'sys_clk'
Slack : 2.540
TNS   : 0.000

Type  : Slow 1200mV 0C Model Removal 'count_1s:u_count_1|clk_1s'
Slack : 2.592
TNS   : 0.000

Type  : Slow 1200mV 0C Model Removal 'seg:u_seg|dri_clk'
Slack : 2.729
TNS   : 0.000

Type  : Slow 1200mV 0C Model Minimum Pulse Width 'sys_clk'
Slack : -3.000
TNS   : -138.317

Type  : Slow 1200mV 0C Model Minimum Pulse Width 'seg:u_seg|dri_clk'
Slack : -1.487
TNS   : -72.863

Type  : Slow 1200mV 0C Model Minimum Pulse Width 'key:u_key|D_ff_1[1]'
Slack : -1.487
TNS   : -23.792

Type  : Slow 1200mV 0C Model Minimum Pulse Width 'count_1s:u_count_1|clk_1s'
Slack : -1.487
TNS   : -13.383

Type  : Slow 1200mV 0C Model Minimum Pulse Width 'count_1s:u_count_1|flag_1m'
Slack : -1.487
TNS   : -11.896

Type  : Slow 1200mV 0C Model Minimum Pulse Width 'key:u_key|D_ff_1[2]'
Slack : -1.487
TNS   : -2.974

Type  : Slow 1200mV 0C Model Minimum Pulse Width 'key:u_key|D_ff_1[0]'
Slack : -1.487
TNS   : -1.487

Type  : Slow 1200mV 0C Model Minimum Pulse Width 'mux:u_mux|cnt[0]'
Slack : 0.291
TNS   : 0.000

Type  : Fast 1200mV 0C Model Setup 'sys_clk'
Slack : -20.094
TNS   : -436.178

Type  : Fast 1200mV 0C Model Setup 'seg:u_seg|dri_clk'
Slack : -15.599
TNS   : -221.610

Type  : Fast 1200mV 0C Model Setup 'mux:u_mux|cnt[0]'
Slack : -3.111
TNS   : -36.088

Type  : Fast 1200mV 0C Model Setup 'key:u_key|D_ff_1[1]'
Slack : -0.705
TNS   : -11.088

Type  : Fast 1200mV 0C Model Setup 'count_1s:u_count_1|flag_1m'
Slack : -0.200
TNS   : -1.600

Type  : Fast 1200mV 0C Model Setup 'count_1s:u_count_1|clk_1s'
Slack : -0.160
TNS   : -1.440

Type  : Fast 1200mV 0C Model Setup 'key:u_key|D_ff_1[2]'
Slack : -0.105
TNS   : -0.105

Type  : Fast 1200mV 0C Model Setup 'key:u_key|D_ff_1[0]'
Slack : 0.626
TNS   : 0.000

Type  : Fast 1200mV 0C Model Hold 'mux:u_mux|cnt[0]'
Slack : -0.699
TNS   : -10.099

Type  : Fast 1200mV 0C Model Hold 'key:u_key|D_ff_1[2]'
Slack : -0.360
TNS   : -0.552

Type  : Fast 1200mV 0C Model Hold 'sys_clk'
Slack : -0.089
TNS   : -0.133

Type  : Fast 1200mV 0C Model Hold 'seg:u_seg|dri_clk'
Slack : 0.175
TNS   : 0.000

Type  : Fast 1200mV 0C Model Hold 'key:u_key|D_ff_1[0]'
Slack : 0.208
TNS   : 0.000

Type  : Fast 1200mV 0C Model Hold 'count_1s:u_count_1|flag_1m'
Slack : 0.224
TNS   : 0.000

Type  : Fast 1200mV 0C Model Hold 'key:u_key|D_ff_1[1]'
Slack : 0.277
TNS   : 0.000

Type  : Fast 1200mV 0C Model Hold 'count_1s:u_count_1|clk_1s'
Slack : 0.308
TNS   : 0.000

Type  : Fast 1200mV 0C Model Recovery 'seg:u_seg|dri_clk'
Slack : -1.206
TNS   : -51.586

Type  : Fast 1200mV 0C Model Recovery 'count_1s:u_count_1|clk_1s'
Slack : -0.871
TNS   : -7.839

Type  : Fast 1200mV 0C Model Recovery 'key:u_key|D_ff_1[1]'
Slack : -0.859
TNS   : -13.552

Type  : Fast 1200mV 0C Model Recovery 'sys_clk'
Slack : -0.734
TNS   : -45.763

Type  : Fast 1200mV 0C Model Recovery 'key:u_key|D_ff_1[0]'
Slack : -0.674
TNS   : -0.674

Type  : Fast 1200mV 0C Model Recovery 'key:u_key|D_ff_1[2]'
Slack : -0.557
TNS   : -0.978

Type  : Fast 1200mV 0C Model Recovery 'count_1s:u_count_1|flag_1m'
Slack : -0.426
TNS   : -3.408

Type  : Fast 1200mV 0C Model Removal 'count_1s:u_count_1|flag_1m'
Slack : 0.891
TNS   : 0.000

Type  : Fast 1200mV 0C Model Removal 'key:u_key|D_ff_1[2]'
Slack : 0.902
TNS   : 0.000

Type  : Fast 1200mV 0C Model Removal 'key:u_key|D_ff_1[1]'
Slack : 1.108
TNS   : 0.000

Type  : Fast 1200mV 0C Model Removal 'key:u_key|D_ff_1[0]'
Slack : 1.170
TNS   : 0.000

Type  : Fast 1200mV 0C Model Removal 'sys_clk'
Slack : 1.258
TNS   : 0.000

Type  : Fast 1200mV 0C Model Removal 'count_1s:u_count_1|clk_1s'
Slack : 1.334
TNS   : 0.000

Type  : Fast 1200mV 0C Model Removal 'seg:u_seg|dri_clk'
Slack : 1.436
TNS   : 0.000

Type  : Fast 1200mV 0C Model Minimum Pulse Width 'sys_clk'
Slack : -3.000
TNS   : -120.846

Type  : Fast 1200mV 0C Model Minimum Pulse Width 'seg:u_seg|dri_clk'
Slack : -1.000
TNS   : -49.000

Type  : Fast 1200mV 0C Model Minimum Pulse Width 'key:u_key|D_ff_1[1]'
Slack : -1.000
TNS   : -16.000

Type  : Fast 1200mV 0C Model Minimum Pulse Width 'count_1s:u_count_1|clk_1s'
Slack : -1.000
TNS   : -9.000

Type  : Fast 1200mV 0C Model Minimum Pulse Width 'count_1s:u_count_1|flag_1m'
Slack : -1.000
TNS   : -8.000

Type  : Fast 1200mV 0C Model Minimum Pulse Width 'key:u_key|D_ff_1[2]'
Slack : -1.000
TNS   : -2.000

Type  : Fast 1200mV 0C Model Minimum Pulse Width 'key:u_key|D_ff_1[0]'
Slack : -1.000
TNS   : -1.000

Type  : Fast 1200mV 0C Model Minimum Pulse Width 'mux:u_mux|cnt[0]'
Slack : 0.363
TNS   : 0.000

------------------------------------------------------------
