------------------------------------------------------------
TimeQuest Timing Analyzer Summary
------------------------------------------------------------

Type  : Slow 1200mV 85C Model Setup 'seg:u_seg|dri_clk'
Slack : -36.739
TNS   : -561.666

Type  : Slow 1200mV 85C Model Setup 'mux:u_mux|cnt[0]'
Slack : -7.319
TNS   : -84.693

Type  : Slow 1200mV 85C Model Setup 'sys_clk'
Slack : -3.937
TNS   : -112.301

Type  : Slow 1200mV 85C Model Setup 'count_1s:u_count_1|flag_1m'
Slack : -1.923
TNS   : -15.384

Type  : Slow 1200mV 85C Model Setup 'count_1s:u_count_1|clk_1s'
Slack : -1.567
TNS   : -13.732

Type  : Slow 1200mV 85C Model Setup 'key:u_key|D_ff_1[2]'
Slack : -0.681
TNS   : -1.285

Type  : Slow 1200mV 85C Model Hold 'mux:u_mux|cnt[0]'
Slack : -1.087
TNS   : -11.851

Type  : Slow 1200mV 85C Model Hold 'key:u_key|D_ff_1[2]'
Slack : -0.413
TNS   : -0.722

Type  : Slow 1200mV 85C Model Hold 'sys_clk'
Slack : -0.079
TNS   : -0.082

Type  : Slow 1200mV 85C Model Hold 'seg:u_seg|dri_clk'
Slack : 0.435
TNS   : 0.000

Type  : Slow 1200mV 85C Model Hold 'count_1s:u_count_1|flag_1m'
Slack : 0.541
TNS   : 0.000

Type  : Slow 1200mV 85C Model Hold 'count_1s:u_count_1|clk_1s'
Slack : 0.767
TNS   : 0.000

Type  : Slow 1200mV 85C Model Recovery 'key:u_key|D_ff_1[2]'
Slack : -2.914
TNS   : -5.352

Type  : Slow 1200mV 85C Model Recovery 'seg:u_seg|dri_clk'
Slack : -2.280
TNS   : -84.695

Type  : Slow 1200mV 85C Model Recovery 'sys_clk'
Slack : -2.169
TNS   : -65.710

Type  : Slow 1200mV 85C Model Recovery 'count_1s:u_count_1|clk_1s'
Slack : -1.769
TNS   : -15.921

Type  : Slow 1200mV 85C Model Recovery 'count_1s:u_count_1|flag_1m'
Slack : -1.230
TNS   : -9.840

Type  : Slow 1200mV 85C Model Removal 'seg:u_seg|dri_clk'
Slack : 1.189
TNS   : 0.000

Type  : Slow 1200mV 85C Model Removal 'count_1s:u_count_1|flag_1m'
Slack : 1.202
TNS   : 0.000

Type  : Slow 1200mV 85C Model Removal 'sys_clk'
Slack : 1.525
TNS   : 0.000

Type  : Slow 1200mV 85C Model Removal 'count_1s:u_count_1|clk_1s'
Slack : 1.768
TNS   : 0.000

Type  : Slow 1200mV 85C Model Removal 'key:u_key|D_ff_1[2]'
Slack : 2.453
TNS   : 0.000

Type  : Slow 1200mV 85C Model Minimum Pulse Width 'sys_clk'
Slack : -3.000
TNS   : -71.402

Type  : Slow 1200mV 85C Model Minimum Pulse Width 'seg:u_seg|dri_clk'
Slack : -1.487
TNS   : -72.863

Type  : Slow 1200mV 85C Model Minimum Pulse Width 'count_1s:u_count_1|clk_1s'
Slack : -1.487
TNS   : -13.383

Type  : Slow 1200mV 85C Model Minimum Pulse Width 'count_1s:u_count_1|flag_1m'
Slack : -1.487
TNS   : -11.896

Type  : Slow 1200mV 85C Model Minimum Pulse Width 'key:u_key|D_ff_1[2]'
Slack : -1.487
TNS   : -2.974

Type  : Slow 1200mV 85C Model Minimum Pulse Width 'mux:u_mux|cnt[0]'
Slack : 0.293
TNS   : 0.000

Type  : Slow 1200mV 0C Model Setup 'seg:u_seg|dri_clk'
Slack : -33.606
TNS   : -511.319

Type  : Slow 1200mV 0C Model Setup 'mux:u_mux|cnt[0]'
Slack : -6.937
TNS   : -79.656

Type  : Slow 1200mV 0C Model Setup 'sys_clk'
Slack : -3.648
TNS   : -103.057

Type  : Slow 1200mV 0C Model Setup 'count_1s:u_count_1|flag_1m'
Slack : -1.695
TNS   : -13.560

Type  : Slow 1200mV 0C Model Setup 'count_1s:u_count_1|clk_1s'
Slack : -1.376
TNS   : -12.021

Type  : Slow 1200mV 0C Model Setup 'key:u_key|D_ff_1[2]'
Slack : -0.568
TNS   : -1.034

Type  : Slow 1200mV 0C Model Hold 'mux:u_mux|cnt[0]'
Slack : -0.850
TNS   : -7.275

Type  : Slow 1200mV 0C Model Hold 'key:u_key|D_ff_1[2]'
Slack : -0.421
TNS   : -0.698

Type  : Slow 1200mV 0C Model Hold 'sys_clk'
Slack : -0.048
TNS   : -0.048

Type  : Slow 1200mV 0C Model Hold 'seg:u_seg|dri_clk'
Slack : 0.389
TNS   : 0.000

Type  : Slow 1200mV 0C Model Hold 'count_1s:u_count_1|flag_1m'
Slack : 0.500
TNS   : 0.000

Type  : Slow 1200mV 0C Model Hold 'count_1s:u_count_1|clk_1s'
Slack : 0.714
TNS   : 0.000

Type  : Slow 1200mV 0C Model Recovery 'key:u_key|D_ff_1[2]'
Slack : -2.626
TNS   : -4.727

Type  : Slow 1200mV 0C Model Recovery 'seg:u_seg|dri_clk'
Slack : -2.240
TNS   : -81.103

Type  : Slow 1200mV 0C Model Recovery 'sys_clk'
Slack : -1.964
TNS   : -58.262

Type  : Slow 1200mV 0C Model Recovery 'count_1s:u_count_1|clk_1s'
Slack : -1.610
TNS   : -14.490

Type  : Slow 1200mV 0C Model Recovery 'count_1s:u_count_1|flag_1m'
Slack : -1.020
TNS   : -8.160

Type  : Slow 1200mV 0C Model Removal 'count_1s:u_count_1|flag_1m'
Slack : 1.024
TNS   : 0.000

Type  : Slow 1200mV 0C Model Removal 'seg:u_seg|dri_clk'
Slack : 1.181
TNS   : 0.000

Type  : Slow 1200mV 0C Model Removal 'sys_clk'
Slack : 1.388
TNS   : 0.000

Type  : Slow 1200mV 0C Model Removal 'count_1s:u_count_1|clk_1s'
Slack : 1.689
TNS   : 0.000

Type  : Slow 1200mV 0C Model Removal 'key:u_key|D_ff_1[2]'
Slack : 2.147
TNS   : 0.000

Type  : Slow 1200mV 0C Model Minimum Pulse Width 'sys_clk'
Slack : -3.000
TNS   : -71.402

Type  : Slow 1200mV 0C Model Minimum Pulse Width 'seg:u_seg|dri_clk'
Slack : -1.487
TNS   : -72.863

Type  : Slow 1200mV 0C Model Minimum Pulse Width 'count_1s:u_count_1|clk_1s'
Slack : -1.487
TNS   : -13.383

Type  : Slow 1200mV 0C Model Minimum Pulse Width 'count_1s:u_count_1|flag_1m'
Slack : -1.487
TNS   : -11.896

Type  : Slow 1200mV 0C Model Minimum Pulse Width 'key:u_key|D_ff_1[2]'
Slack : -1.487
TNS   : -2.974

Type  : Slow 1200mV 0C Model Minimum Pulse Width 'mux:u_mux|cnt[0]'
Slack : 0.180
TNS   : 0.000

Type  : Fast 1200mV 0C Model Setup 'seg:u_seg|dri_clk'
Slack : -15.339
TNS   : -218.923

Type  : Fast 1200mV 0C Model Setup 'mux:u_mux|cnt[0]'
Slack : -2.509
TNS   : -27.451

Type  : Fast 1200mV 0C Model Setup 'sys_clk'
Slack : -1.076
TNS   : -28.179

Type  : Fast 1200mV 0C Model Setup 'count_1s:u_count_1|flag_1m'
Slack : -0.239
TNS   : -1.912

Type  : Fast 1200mV 0C Model Setup 'count_1s:u_count_1|clk_1s'
Slack : -0.060
TNS   : -0.480

Type  : Fast 1200mV 0C Model Setup 'key:u_key|D_ff_1[2]'
Slack : 0.332
TNS   : 0.000

Type  : Fast 1200mV 0C Model Hold 'mux:u_mux|cnt[0]'
Slack : -0.663
TNS   : -9.170

Type  : Fast 1200mV 0C Model Hold 'key:u_key|D_ff_1[2]'
Slack : -0.176
TNS   : -0.325

Type  : Fast 1200mV 0C Model Hold 'sys_clk'
Slack : -0.114
TNS   : -0.258

Type  : Fast 1200mV 0C Model Hold 'seg:u_seg|dri_clk'
Slack : 0.176
TNS   : 0.000

Type  : Fast 1200mV 0C Model Hold 'count_1s:u_count_1|flag_1m'
Slack : 0.221
TNS   : 0.000

Type  : Fast 1200mV 0C Model Hold 'count_1s:u_count_1|clk_1s'
Slack : 0.306
TNS   : 0.000

Type  : Fast 1200mV 0C Model Recovery 'key:u_key|D_ff_1[2]'
Slack : -0.806
TNS   : -1.414

Type  : Fast 1200mV 0C Model Recovery 'seg:u_seg|dri_clk'
Slack : -0.667
TNS   : -17.945

Type  : Fast 1200mV 0C Model Recovery 'sys_clk'
Slack : -0.442
TNS   : -11.490

Type  : Fast 1200mV 0C Model Recovery 'count_1s:u_count_1|clk_1s'
Slack : -0.387
TNS   : -3.483

Type  : Fast 1200mV 0C Model Recovery 'count_1s:u_count_1|flag_1m'
Slack : -0.007
TNS   : -0.056

Type  : Fast 1200mV 0C Model Removal 'count_1s:u_count_1|flag_1m'
Slack : 0.454
TNS   : 0.000

Type  : Fast 1200mV 0C Model Removal 'seg:u_seg|dri_clk'
Slack : 0.572
TNS   : 0.000

Type  : Fast 1200mV 0C Model Removal 'sys_clk'
Slack : 0.654
TNS   : 0.000

Type  : Fast 1200mV 0C Model Removal 'count_1s:u_count_1|clk_1s'
Slack : 0.862
TNS   : 0.000

Type  : Fast 1200mV 0C Model Removal 'key:u_key|D_ff_1[2]'
Slack : 1.080
TNS   : 0.000

Type  : Fast 1200mV 0C Model Minimum Pulse Width 'sys_clk'
Slack : -3.000
TNS   : -62.638

Type  : Fast 1200mV 0C Model Minimum Pulse Width 'seg:u_seg|dri_clk'
Slack : -1.000
TNS   : -49.000

Type  : Fast 1200mV 0C Model Minimum Pulse Width 'count_1s:u_count_1|clk_1s'
Slack : -1.000
TNS   : -9.000

Type  : Fast 1200mV 0C Model Minimum Pulse Width 'count_1s:u_count_1|flag_1m'
Slack : -1.000
TNS   : -8.000

Type  : Fast 1200mV 0C Model Minimum Pulse Width 'key:u_key|D_ff_1[2]'
Slack : -1.000
TNS   : -2.000

Type  : Fast 1200mV 0C Model Minimum Pulse Width 'mux:u_mux|cnt[0]'
Slack : 0.422
TNS   : 0.000

------------------------------------------------------------
