Analysis & Synthesis report for top
Wed Dec 19 18:02:27 2018
Quartus II 64-Bit Version 13.1.0 Build 162 10/23/2013 SJ Full Version


---------------------
; Table of Contents ;
---------------------
  1. Legal Notice
  2. Analysis & Synthesis Summary
  3. Analysis & Synthesis Settings
  4. Parallel Compilation
  5. Analysis & Synthesis Source Files Read
  6. Analysis & Synthesis Resource Usage Summary
  7. Analysis & Synthesis Resource Utilization by Entity
  8. User-Specified and Inferred Latches
  9. Registers Removed During Synthesis
 10. General Register Statistics
 11. Inverted Register Statistics
 12. Multiplexer Restructuring Statistics (Restructuring Performed)
 13. Parameter Settings for User Entity Instance: count_1s:u_count_1
 14. Parameter Settings for Inferred Entity Instance: seg:u_seg|lpm_divide:Div0
 15. Parameter Settings for Inferred Entity Instance: seg:u_seg|lpm_divide:Mod1
 16. Parameter Settings for Inferred Entity Instance: seg:u_seg|lpm_divide:Div1
 17. Parameter Settings for Inferred Entity Instance: seg:u_seg|lpm_divide:Mod2
 18. Parameter Settings for Inferred Entity Instance: seg:u_seg|lpm_divide:Mod0
 19. Parameter Settings for Inferred Entity Instance: seg:u_seg|lpm_divide:Div2
 20. Parameter Settings for Inferred Entity Instance: seg:u_seg|lpm_divide:Mod3
 21. Parameter Settings for Inferred Entity Instance: lpm_mult:Mult0
 22. lpm_mult Parameter Settings by Entity Instance
 23. Port Connectivity Checks: "mux:u_mux"
 24. Port Connectivity Checks: "seg:u_seg"
 25. Port Connectivity Checks: "count_1s:u_count_1"
 26. Elapsed Time Per Partition
 27. Analysis & Synthesis Messages
 28. Analysis & Synthesis Suppressed Messages



----------------
; Legal Notice ;
----------------
Copyright (C) 1991-2013 Altera Corporation
Your use of Altera Corporation's design tools, logic functions 
and other software and tools, and its AMPP partner logic 
functions, and any output files from any of the foregoing 
(including device programming or simulation files), and any 
associated documentation or information are expressly subject 
to the terms and conditions of the Altera Program License 
Subscription Agreement, Altera MegaCore Function License 
Agreement, or other applicable license agreement, including, 
without limitation, that your use is for the sole purpose of 
programming logic devices manufactured by Altera and sold by 
Altera or its authorized distributors.  Please refer to the 
applicable agreement for further details.



+----------------------------------------------------------------------------------+
; Analysis & Synthesis Summary                                                     ;
+------------------------------------+---------------------------------------------+
; Analysis & Synthesis Status        ; Successful - Wed Dec 19 18:02:27 2018       ;
; Quartus II 64-Bit Version          ; 13.1.0 Build 162 10/23/2013 SJ Full Version ;
; Revision Name                      ; top                                         ;
; Top-level Entity Name              ; top_czcjj                                   ;
; Family                             ; Cyclone IV E                                ;
; Total logic elements               ; 1,178                                       ;
;     Total combinational functions  ; 1,170                                       ;
;     Dedicated logic registers      ; 114                                         ;
; Total registers                    ; 114                                         ;
; Total pins                         ; 19                                          ;
; Total virtual pins                 ; 0                                           ;
; Total memory bits                  ; 0                                           ;
; Embedded Multiplier 9-bit elements ; 0                                           ;
; Total PLLs                         ; 0                                           ;
+------------------------------------+---------------------------------------------+


+----------------------------------------------------------------------------------------------------------------------+
; Analysis & Synthesis Settings                                                                                        ;
+----------------------------------------------------------------------------+--------------------+--------------------+
; Option                                                                     ; Setting            ; Default Value      ;
+----------------------------------------------------------------------------+--------------------+--------------------+
; Device                                                                     ; EP4CE6F17C8        ;                    ;
; Top-level entity name                                                      ; top_czcjj          ; top                ;
; Family name                                                                ; Cyclone IV E       ; Cyclone IV GX      ;
; Use smart compilation                                                      ; Off                ; Off                ;
; Enable parallel Assembler and TimeQuest Timing Analyzer during compilation ; On                 ; On                 ;
; Enable compact report table                                                ; Off                ; Off                ;
; Restructure Multiplexers                                                   ; Auto               ; Auto               ;
; Create Debugging Nodes for IP Cores                                        ; Off                ; Off                ;
; Preserve fewer node names                                                  ; On                 ; On                 ;
; Disable OpenCore Plus hardware evaluation                                  ; Off                ; Off                ;
; Verilog Version                                                            ; Verilog_2001       ; Verilog_2001       ;
; VHDL Version                                                               ; VHDL_1993          ; VHDL_1993          ;
; State Machine Processing                                                   ; Auto               ; Auto               ;
; Safe State Machine                                                         ; Off                ; Off                ;
; Extract Verilog State Machines                                             ; On                 ; On                 ;
; Extract VHDL State Machines                                                ; On                 ; On                 ;
; Ignore Verilog initial constructs                                          ; Off                ; Off                ;
; Iteration limit for constant Verilog loops                                 ; 5000               ; 5000               ;
; Iteration limit for non-constant Verilog loops                             ; 250                ; 250                ;
; Add Pass-Through Logic to Inferred RAMs                                    ; On                 ; On                 ;
; Infer RAMs from Raw Logic                                                  ; On                 ; On                 ;
; Parallel Synthesis                                                         ; On                 ; On                 ;
; DSP Block Balancing                                                        ; Auto               ; Auto               ;
; NOT Gate Push-Back                                                         ; On                 ; On                 ;
; Power-Up Don't Care                                                        ; On                 ; On                 ;
; Remove Redundant Logic Cells                                               ; Off                ; Off                ;
; Remove Duplicate Registers                                                 ; On                 ; On                 ;
; Ignore CARRY Buffers                                                       ; Off                ; Off                ;
; Ignore CASCADE Buffers                                                     ; Off                ; Off                ;
; Ignore GLOBAL Buffers                                                      ; Off                ; Off                ;
; Ignore ROW GLOBAL Buffers                                                  ; Off                ; Off                ;
; Ignore LCELL Buffers                                                       ; Off                ; Off                ;
; Ignore SOFT Buffers                                                        ; On                 ; On                 ;
; Limit AHDL Integers to 32 Bits                                             ; Off                ; Off                ;
; Optimization Technique                                                     ; Balanced           ; Balanced           ;
; Carry Chain Length                                                         ; 70                 ; 70                 ;
; Auto Carry Chains                                                          ; On                 ; On                 ;
; Auto Open-Drain Pins                                                       ; On                 ; On                 ;
; Perform WYSIWYG Primitive Resynthesis                                      ; Off                ; Off                ;
; Auto ROM Replacement                                                       ; On                 ; On                 ;
; Auto RAM Replacement                                                       ; On                 ; On                 ;
; Auto DSP Block Replacement                                                 ; On                 ; On                 ;
; Auto Shift Register Replacement                                            ; Auto               ; Auto               ;
; Allow Shift Register Merging across Hierarchies                            ; Auto               ; Auto               ;
; Auto Clock Enable Replacement                                              ; On                 ; On                 ;
; Strict RAM Replacement                                                     ; Off                ; Off                ;
; Allow Synchronous Control Signals                                          ; On                 ; On                 ;
; Force Use of Synchronous Clear Signals                                     ; Off                ; Off                ;
; Auto RAM Block Balancing                                                   ; On                 ; On                 ;
; Auto RAM to Logic Cell Conversion                                          ; Off                ; Off                ;
; Auto Resource Sharing                                                      ; Off                ; Off                ;
; Allow Any RAM Size For Recognition                                         ; Off                ; Off                ;
; Allow Any ROM Size For Recognition                                         ; Off                ; Off                ;
; Allow Any Shift Register Size For Recognition                              ; Off                ; Off                ;
; Use LogicLock Constraints during Resource Balancing                        ; On                 ; On                 ;
; Ignore translate_off and synthesis_off directives                          ; Off                ; Off                ;
; Timing-Driven Synthesis                                                    ; On                 ; On                 ;
; Report Parameter Settings                                                  ; On                 ; On                 ;
; Report Source Assignments                                                  ; On                 ; On                 ;
; Report Connectivity Checks                                                 ; On                 ; On                 ;
; Ignore Maximum Fan-Out Assignments                                         ; Off                ; Off                ;
; Synchronization Register Chain Length                                      ; 2                  ; 2                  ;
; PowerPlay Power Optimization                                               ; Normal compilation ; Normal compilation ;
; HDL message level                                                          ; Level2             ; Level2             ;
; Suppress Register Optimization Related Messages                            ; Off                ; Off                ;
; Number of Removed Registers Reported in Synthesis Report                   ; 5000               ; 5000               ;
; Number of Swept Nodes Reported in Synthesis Report                         ; 5000               ; 5000               ;
; Number of Inverted Registers Reported in Synthesis Report                  ; 100                ; 100                ;
; Clock MUX Protection                                                       ; On                 ; On                 ;
; Auto Gated Clock Conversion                                                ; Off                ; Off                ;
; Block Design Naming                                                        ; Auto               ; Auto               ;
; SDC constraint protection                                                  ; Off                ; Off                ;
; Synthesis Effort                                                           ; Auto               ; Auto               ;
; Shift Register Replacement - Allow Asynchronous Clear Signal               ; On                 ; On                 ;
; Pre-Mapping Resynthesis Optimization                                       ; Off                ; Off                ;
; Analysis & Synthesis Message Level                                         ; Medium             ; Medium             ;
; Disable Register Merging Across Hierarchies                                ; Auto               ; Auto               ;
; Resource Aware Inference For Block RAM                                     ; On                 ; On                 ;
; Synthesis Seed                                                             ; 1                  ; 1                  ;
+----------------------------------------------------------------------------+--------------------+--------------------+


+------------------------------------------+
; Parallel Compilation                     ;
+----------------------------+-------------+
; Processors                 ; Number      ;
+----------------------------+-------------+
; Number detected on machine ; 8           ;
; Maximum allowed            ; 4           ;
;                            ;             ;
; Average used               ; 1.00        ;
; Maximum used               ; 4           ;
;                            ;             ;
; Usage by Processor         ; % Time Used ;
;     Processor 1            ; 100.0%      ;
;     Processors 2-4         ; < 0.1%      ;
;     Processors 5-8         ;   0.0%      ;
+----------------------------+-------------+


+------------------------------------------------------------------------------------------------------------------------------------------------------------------+
; Analysis & Synthesis Source Files Read                                                                                                                           ;
+----------------------------------+-----------------+------------------------------+--------------------------------------------------------------------+---------+
; File Name with User-Entered Path ; Used in Netlist ; File Type                    ; File Name with Absolute Path                                       ; Library ;
+----------------------------------+-----------------+------------------------------+--------------------------------------------------------------------+---------+
; key.v                            ; yes             ; User Verilog HDL File        ; F:/czcjj/key.v                                                     ;         ;
; seg.v                            ; yes             ; User Verilog HDL File        ; F:/czcjj/seg.v                                                     ;         ;
; count_1s.v                       ; yes             ; User Verilog HDL File        ; F:/czcjj/count_1s.v                                                ;         ;
; top_czcjj.v                      ; yes             ; User Verilog HDL File        ; F:/czcjj/top_czcjj.v                                               ;         ;
; mux.v                            ; yes             ; User Verilog HDL File        ; F:/czcjj/mux.v                                                     ;         ;
; lpm_divide.tdf                   ; yes             ; Megafunction                 ; f:/quartus/quartus/libraries/megafunctions/lpm_divide.tdf          ;         ;
; abs_divider.inc                  ; yes             ; Megafunction                 ; f:/quartus/quartus/libraries/megafunctions/abs_divider.inc         ;         ;
; sign_div_unsign.inc              ; yes             ; Megafunction                 ; f:/quartus/quartus/libraries/megafunctions/sign_div_unsign.inc     ;         ;
; aglobal131.inc                   ; yes             ; Megafunction                 ; f:/quartus/quartus/libraries/megafunctions/aglobal131.inc          ;         ;
; db/lpm_divide_2jm.tdf            ; yes             ; Auto-Generated Megafunction  ; F:/czcjj/db/lpm_divide_2jm.tdf                                     ;         ;
; db/sign_div_unsign_qlh.tdf       ; yes             ; Auto-Generated Megafunction  ; F:/czcjj/db/sign_div_unsign_qlh.tdf                                ;         ;
; db/alt_u_div_87f.tdf             ; yes             ; Auto-Generated Megafunction  ; F:/czcjj/db/alt_u_div_87f.tdf                                      ;         ;
; db/add_sub_7pc.tdf               ; yes             ; Auto-Generated Megafunction  ; F:/czcjj/db/add_sub_7pc.tdf                                        ;         ;
; db/add_sub_8pc.tdf               ; yes             ; Auto-Generated Megafunction  ; F:/czcjj/db/add_sub_8pc.tdf                                        ;         ;
; db/lpm_divide_5bm.tdf            ; yes             ; Auto-Generated Megafunction  ; F:/czcjj/db/lpm_divide_5bm.tdf                                     ;         ;
; db/lpm_divide_5jm.tdf            ; yes             ; Auto-Generated Megafunction  ; F:/czcjj/db/lpm_divide_5jm.tdf                                     ;         ;
; db/sign_div_unsign_tlh.tdf       ; yes             ; Auto-Generated Megafunction  ; F:/czcjj/db/sign_div_unsign_tlh.tdf                                ;         ;
; db/alt_u_div_e7f.tdf             ; yes             ; Auto-Generated Megafunction  ; F:/czcjj/db/alt_u_div_e7f.tdf                                      ;         ;
; db/lpm_divide_fkm.tdf            ; yes             ; Auto-Generated Megafunction  ; F:/czcjj/db/lpm_divide_fkm.tdf                                     ;         ;
; db/sign_div_unsign_7nh.tdf       ; yes             ; Auto-Generated Megafunction  ; F:/czcjj/db/sign_div_unsign_7nh.tdf                                ;         ;
; db/alt_u_div_2af.tdf             ; yes             ; Auto-Generated Megafunction  ; F:/czcjj/db/alt_u_div_2af.tdf                                      ;         ;
; lpm_mult.tdf                     ; yes             ; Megafunction                 ; f:/quartus/quartus/libraries/megafunctions/lpm_mult.tdf            ;         ;
; lpm_add_sub.inc                  ; yes             ; Megafunction                 ; f:/quartus/quartus/libraries/megafunctions/lpm_add_sub.inc         ;         ;
; multcore.inc                     ; yes             ; Megafunction                 ; f:/quartus/quartus/libraries/megafunctions/multcore.inc            ;         ;
; bypassff.inc                     ; yes             ; Megafunction                 ; f:/quartus/quartus/libraries/megafunctions/bypassff.inc            ;         ;
; altshift.inc                     ; yes             ; Megafunction                 ; f:/quartus/quartus/libraries/megafunctions/altshift.inc            ;         ;
; multcore.tdf                     ; yes             ; Megafunction                 ; f:/quartus/quartus/libraries/megafunctions/multcore.tdf            ;         ;
; csa_add.inc                      ; yes             ; Megafunction                 ; f:/quartus/quartus/libraries/megafunctions/csa_add.inc             ;         ;
; mpar_add.inc                     ; yes             ; Megafunction                 ; f:/quartus/quartus/libraries/megafunctions/mpar_add.inc            ;         ;
; muleabz.inc                      ; yes             ; Megafunction                 ; f:/quartus/quartus/libraries/megafunctions/muleabz.inc             ;         ;
; mul_lfrg.inc                     ; yes             ; Megafunction                 ; f:/quartus/quartus/libraries/megafunctions/mul_lfrg.inc            ;         ;
; mul_boothc.inc                   ; yes             ; Megafunction                 ; f:/quartus/quartus/libraries/megafunctions/mul_boothc.inc          ;         ;
; alt_ded_mult.inc                 ; yes             ; Megafunction                 ; f:/quartus/quartus/libraries/megafunctions/alt_ded_mult.inc        ;         ;
; alt_ded_mult_y.inc               ; yes             ; Megafunction                 ; f:/quartus/quartus/libraries/megafunctions/alt_ded_mult_y.inc      ;         ;
; dffpipe.inc                      ; yes             ; Megafunction                 ; f:/quartus/quartus/libraries/megafunctions/dffpipe.inc             ;         ;
; mpar_add.tdf                     ; yes             ; Megafunction                 ; f:/quartus/quartus/libraries/megafunctions/mpar_add.tdf            ;         ;
; lpm_add_sub.tdf                  ; yes             ; Megafunction                 ; f:/quartus/quartus/libraries/megafunctions/lpm_add_sub.tdf         ;         ;
; addcore.inc                      ; yes             ; Megafunction                 ; f:/quartus/quartus/libraries/megafunctions/addcore.inc             ;         ;
; look_add.inc                     ; yes             ; Megafunction                 ; f:/quartus/quartus/libraries/megafunctions/look_add.inc            ;         ;
; alt_stratix_add_sub.inc          ; yes             ; Megafunction                 ; f:/quartus/quartus/libraries/megafunctions/alt_stratix_add_sub.inc ;         ;
; db/add_sub_kgh.tdf               ; yes             ; Auto-Generated Megafunction  ; F:/czcjj/db/add_sub_kgh.tdf                                        ;         ;
; altshift.tdf                     ; yes             ; Megafunction                 ; f:/quartus/quartus/libraries/megafunctions/altshift.tdf            ;         ;
+----------------------------------+-----------------+------------------------------+--------------------------------------------------------------------+---------+


+-----------------------------------------------------------------------+
; Analysis & Synthesis Resource Usage Summary                           ;
+---------------------------------------------+-------------------------+
; Resource                                    ; Usage                   ;
+---------------------------------------------+-------------------------+
; Estimated Total logic elements              ; 1,178                   ;
;                                             ;                         ;
; Total combinational functions               ; 1170                    ;
; Logic element usage by number of LUT inputs ;                         ;
;     -- 4 input functions                    ; 211                     ;
;     -- 3 input functions                    ; 329                     ;
;     -- <=2 input functions                  ; 630                     ;
;                                             ;                         ;
; Logic elements by mode                      ;                         ;
;     -- normal mode                          ; 796                     ;
;     -- arithmetic mode                      ; 374                     ;
;                                             ;                         ;
; Total registers                             ; 114                     ;
;     -- Dedicated logic registers            ; 114                     ;
;     -- I/O registers                        ; 0                       ;
;                                             ;                         ;
; I/O pins                                    ; 19                      ;
; Embedded Multiplier 9-bit elements          ; 0                       ;
; Maximum fan-out node                        ; key:u_key|sys_reset_n~0 ;
; Maximum fan-out                             ; 102                     ;
; Total fan-out                               ; 3364                    ;
; Average fan-out                             ; 2.54                    ;
+---------------------------------------------+-------------------------+


+-----------------------------------------------------------------------------------------------------------------------------------------------------------------------------------------------------------------------------------------------------------------------------------------------+
; Analysis & Synthesis Resource Utilization by Entity                                                                                                                                                                                                                                           ;
+---------------------------------------------+-------------------+--------------+-------------+--------------+---------+-----------+------+--------------+----------------------------------------------------------------------------------------------------------------------+--------------+
; Compilation Hierarchy Node                  ; LC Combinationals ; LC Registers ; Memory Bits ; DSP Elements ; DSP 9x9 ; DSP 18x18 ; Pins ; Virtual Pins ; Full Hierarchy Name                                                                                                  ; Library Name ;
+---------------------------------------------+-------------------+--------------+-------------+--------------+---------+-----------+------+--------------+----------------------------------------------------------------------------------------------------------------------+--------------+
; |top_czcjj                                  ; 1170 (28)         ; 114 (0)      ; 0           ; 0            ; 0       ; 0         ; 19   ; 0            ; |top_czcjj                                                                                                           ; work         ;
;    |count_1s:u_count_1|                     ; 61 (61)           ; 46 (46)      ; 0           ; 0            ; 0       ; 0         ; 0    ; 0            ; |top_czcjj|count_1s:u_count_1                                                                                        ; work         ;
;    |key:u_key|                              ; 8 (8)             ; 12 (12)      ; 0           ; 0            ; 0       ; 0         ; 0    ; 0            ; |top_czcjj|key:u_key                                                                                                 ; work         ;
;    |lpm_mult:Mult0|                         ; 21 (0)            ; 0 (0)        ; 0           ; 0            ; 0       ; 0         ; 0    ; 0            ; |top_czcjj|lpm_mult:Mult0                                                                                            ; work         ;
;       |multcore:mult_core|                  ; 21 (12)           ; 0 (0)        ; 0           ; 0            ; 0       ; 0         ; 0    ; 0            ; |top_czcjj|lpm_mult:Mult0|multcore:mult_core                                                                         ; work         ;
;          |mpar_add:padder|                  ; 9 (0)             ; 0 (0)        ; 0           ; 0            ; 0       ; 0         ; 0    ; 0            ; |top_czcjj|lpm_mult:Mult0|multcore:mult_core|mpar_add:padder                                                         ; work         ;
;             |lpm_add_sub:adder[0]|          ; 9 (0)             ; 0 (0)        ; 0           ; 0            ; 0       ; 0         ; 0    ; 0            ; |top_czcjj|lpm_mult:Mult0|multcore:mult_core|mpar_add:padder|lpm_add_sub:adder[0]                                    ; work         ;
;                |add_sub_kgh:auto_generated| ; 9 (9)             ; 0 (0)        ; 0           ; 0            ; 0       ; 0         ; 0    ; 0            ; |top_czcjj|lpm_mult:Mult0|multcore:mult_core|mpar_add:padder|lpm_add_sub:adder[0]|add_sub_kgh:auto_generated         ; work         ;
;    |mux:u_mux|                              ; 23 (23)           ; 2 (2)        ; 0           ; 0            ; 0       ; 0         ; 0    ; 0            ; |top_czcjj|mux:u_mux                                                                                                 ; work         ;
;    |seg:u_seg|                              ; 1029 (49)         ; 54 (54)      ; 0           ; 0            ; 0       ; 0         ; 0    ; 0            ; |top_czcjj|seg:u_seg                                                                                                 ; work         ;
;       |lpm_divide:Div0|                     ; 160 (0)           ; 0 (0)        ; 0           ; 0            ; 0       ; 0         ; 0    ; 0            ; |top_czcjj|seg:u_seg|lpm_divide:Div0                                                                                 ; work         ;
;          |lpm_divide_2jm:auto_generated|    ; 160 (0)           ; 0 (0)        ; 0           ; 0            ; 0       ; 0         ; 0    ; 0            ; |top_czcjj|seg:u_seg|lpm_divide:Div0|lpm_divide_2jm:auto_generated                                                   ; work         ;
;             |sign_div_unsign_qlh:divider|   ; 160 (0)           ; 0 (0)        ; 0           ; 0            ; 0       ; 0         ; 0    ; 0            ; |top_czcjj|seg:u_seg|lpm_divide:Div0|lpm_divide_2jm:auto_generated|sign_div_unsign_qlh:divider                       ; work         ;
;                |alt_u_div_87f:divider|      ; 160 (160)         ; 0 (0)        ; 0           ; 0            ; 0       ; 0         ; 0    ; 0            ; |top_czcjj|seg:u_seg|lpm_divide:Div0|lpm_divide_2jm:auto_generated|sign_div_unsign_qlh:divider|alt_u_div_87f:divider ; work         ;
;       |lpm_divide:Div1|                     ; 201 (0)           ; 0 (0)        ; 0           ; 0            ; 0       ; 0         ; 0    ; 0            ; |top_czcjj|seg:u_seg|lpm_divide:Div1                                                                                 ; work         ;
;          |lpm_divide_5jm:auto_generated|    ; 201 (0)           ; 0 (0)        ; 0           ; 0            ; 0       ; 0         ; 0    ; 0            ; |top_czcjj|seg:u_seg|lpm_divide:Div1|lpm_divide_5jm:auto_generated                                                   ; work         ;
;             |sign_div_unsign_tlh:divider|   ; 201 (0)           ; 0 (0)        ; 0           ; 0            ; 0       ; 0         ; 0    ; 0            ; |top_czcjj|seg:u_seg|lpm_divide:Div1|lpm_divide_5jm:auto_generated|sign_div_unsign_tlh:divider                       ; work         ;
;                |alt_u_div_e7f:divider|      ; 201 (201)         ; 0 (0)        ; 0           ; 0            ; 0       ; 0         ; 0    ; 0            ; |top_czcjj|seg:u_seg|lpm_divide:Div1|lpm_divide_5jm:auto_generated|sign_div_unsign_tlh:divider|alt_u_div_e7f:divider ; work         ;
;       |lpm_divide:Div2|                     ; 185 (0)           ; 0 (0)        ; 0           ; 0            ; 0       ; 0         ; 0    ; 0            ; |top_czcjj|seg:u_seg|lpm_divide:Div2                                                                                 ; work         ;
;          |lpm_divide_fkm:auto_generated|    ; 185 (0)           ; 0 (0)        ; 0           ; 0            ; 0       ; 0         ; 0    ; 0            ; |top_czcjj|seg:u_seg|lpm_divide:Div2|lpm_divide_fkm:auto_generated                                                   ; work         ;
;             |sign_div_unsign_7nh:divider|   ; 185 (0)           ; 0 (0)        ; 0           ; 0            ; 0       ; 0         ; 0    ; 0            ; |top_czcjj|seg:u_seg|lpm_divide:Div2|lpm_divide_fkm:auto_generated|sign_div_unsign_7nh:divider                       ; work         ;
;                |alt_u_div_2af:divider|      ; 185 (185)         ; 0 (0)        ; 0           ; 0            ; 0       ; 0         ; 0    ; 0            ; |top_czcjj|seg:u_seg|lpm_divide:Div2|lpm_divide_fkm:auto_generated|sign_div_unsign_7nh:divider|alt_u_div_2af:divider ; work         ;
;       |lpm_divide:Mod0|                     ; 163 (0)           ; 0 (0)        ; 0           ; 0            ; 0       ; 0         ; 0    ; 0            ; |top_czcjj|seg:u_seg|lpm_divide:Mod0                                                                                 ; work         ;
;          |lpm_divide_5bm:auto_generated|    ; 163 (0)           ; 0 (0)        ; 0           ; 0            ; 0       ; 0         ; 0    ; 0            ; |top_czcjj|seg:u_seg|lpm_divide:Mod0|lpm_divide_5bm:auto_generated                                                   ; work         ;
;             |sign_div_unsign_qlh:divider|   ; 163 (0)           ; 0 (0)        ; 0           ; 0            ; 0       ; 0         ; 0    ; 0            ; |top_czcjj|seg:u_seg|lpm_divide:Mod0|lpm_divide_5bm:auto_generated|sign_div_unsign_qlh:divider                       ; work         ;
;                |alt_u_div_87f:divider|      ; 163 (163)         ; 0 (0)        ; 0           ; 0            ; 0       ; 0         ; 0    ; 0            ; |top_czcjj|seg:u_seg|lpm_divide:Mod0|lpm_divide_5bm:auto_generated|sign_div_unsign_qlh:divider|alt_u_div_87f:divider ; work         ;
;       |lpm_divide:Mod1|                     ; 125 (0)           ; 0 (0)        ; 0           ; 0            ; 0       ; 0         ; 0    ; 0            ; |top_czcjj|seg:u_seg|lpm_divide:Mod1                                                                                 ; work         ;
;          |lpm_divide_5bm:auto_generated|    ; 125 (0)           ; 0 (0)        ; 0           ; 0            ; 0       ; 0         ; 0    ; 0            ; |top_czcjj|seg:u_seg|lpm_divide:Mod1|lpm_divide_5bm:auto_generated                                                   ; work         ;
;             |sign_div_unsign_qlh:divider|   ; 125 (0)           ; 0 (0)        ; 0           ; 0            ; 0       ; 0         ; 0    ; 0            ; |top_czcjj|seg:u_seg|lpm_divide:Mod1|lpm_divide_5bm:auto_generated|sign_div_unsign_qlh:divider                       ; work         ;
;                |alt_u_div_87f:divider|      ; 125 (125)         ; 0 (0)        ; 0           ; 0            ; 0       ; 0         ; 0    ; 0            ; |top_czcjj|seg:u_seg|lpm_divide:Mod1|lpm_divide_5bm:auto_generated|sign_div_unsign_qlh:divider|alt_u_div_87f:divider ; work         ;
;       |lpm_divide:Mod2|                     ; 94 (0)            ; 0 (0)        ; 0           ; 0            ; 0       ; 0         ; 0    ; 0            ; |top_czcjj|seg:u_seg|lpm_divide:Mod2                                                                                 ; work         ;
;          |lpm_divide_5bm:auto_generated|    ; 94 (0)            ; 0 (0)        ; 0           ; 0            ; 0       ; 0         ; 0    ; 0            ; |top_czcjj|seg:u_seg|lpm_divide:Mod2|lpm_divide_5bm:auto_generated                                                   ; work         ;
;             |sign_div_unsign_qlh:divider|   ; 94 (0)            ; 0 (0)        ; 0           ; 0            ; 0       ; 0         ; 0    ; 0            ; |top_czcjj|seg:u_seg|lpm_divide:Mod2|lpm_divide_5bm:auto_generated|sign_div_unsign_qlh:divider                       ; work         ;
;                |alt_u_div_87f:divider|      ; 94 (94)           ; 0 (0)        ; 0           ; 0            ; 0       ; 0         ; 0    ; 0            ; |top_czcjj|seg:u_seg|lpm_divide:Mod2|lpm_divide_5bm:auto_generated|sign_div_unsign_qlh:divider|alt_u_div_87f:divider ; work         ;
;       |lpm_divide:Mod3|                     ; 52 (0)            ; 0 (0)        ; 0           ; 0            ; 0       ; 0         ; 0    ; 0            ; |top_czcjj|seg:u_seg|lpm_divide:Mod3                                                                                 ; work         ;
;          |lpm_divide_5bm:auto_generated|    ; 52 (0)            ; 0 (0)        ; 0           ; 0            ; 0       ; 0         ; 0    ; 0            ; |top_czcjj|seg:u_seg|lpm_divide:Mod3|lpm_divide_5bm:auto_generated                                                   ; work         ;
;             |sign_div_unsign_qlh:divider|   ; 52 (0)            ; 0 (0)        ; 0           ; 0            ; 0       ; 0         ; 0    ; 0            ; |top_czcjj|seg:u_seg|lpm_divide:Mod3|lpm_divide_5bm:auto_generated|sign_div_unsign_qlh:divider                       ; work         ;
;                |alt_u_div_87f:divider|      ; 52 (52)           ; 0 (0)        ; 0           ; 0            ; 0       ; 0         ; 0    ; 0            ; |top_czcjj|seg:u_seg|lpm_divide:Mod3|lpm_divide_5bm:auto_generated|sign_div_unsign_qlh:divider|alt_u_div_87f:divider ; work         ;
+---------------------------------------------+-------------------+--------------+-------------+--------------+---------+-----------+------+--------------+----------------------------------------------------------------------------------------------------------------------+--------------+
Note: For table entries with two numbers listed, the numbers in parentheses indicate the number of resources of the given type used by the specific entity alone. The numbers listed outside of parentheses indicate the total resources of the given type used by the specific entity and all of its sub-entities in the hierarchy.


+----------------------------------------------------------------------------------------------------+
; User-Specified and Inferred Latches                                                                ;
+-----------------------------------------------------+---------------------+------------------------+
; Latch Name                                          ; Latch Enable Signal ; Free of Timing Hazards ;
+-----------------------------------------------------+---------------------+------------------------+
; mux:u_mux|dis_point[1]                              ; mux:u_mux|Mux20     ; yes                    ;
; mux:u_mux|dis_point[2]                              ; mux:u_mux|Mux20     ; yes                    ;
; mux:u_mux|dis_data[3]                               ; mux:u_mux|Mux20     ; yes                    ;
; mux:u_mux|dis_data[1]                               ; mux:u_mux|Mux20     ; yes                    ;
; mux:u_mux|dis_data[2]                               ; mux:u_mux|Mux20     ; yes                    ;
; mux:u_mux|dis_data[0]                               ; mux:u_mux|Mux20     ; yes                    ;
; mux:u_mux|dis_data[7]                               ; mux:u_mux|Mux20     ; yes                    ;
; mux:u_mux|dis_data[10]                              ; mux:u_mux|Mux20     ; yes                    ;
; mux:u_mux|dis_data[6]                               ; mux:u_mux|Mux20     ; yes                    ;
; mux:u_mux|dis_data[5]                               ; mux:u_mux|Mux20     ; yes                    ;
; mux:u_mux|dis_data[4]                               ; mux:u_mux|Mux20     ; yes                    ;
; mux:u_mux|dis_data[13]                              ; mux:u_mux|Mux20     ; yes                    ;
; mux:u_mux|dis_data[8]                               ; mux:u_mux|Mux20     ; yes                    ;
; mux:u_mux|dis_data[11]                              ; mux:u_mux|Mux20     ; yes                    ;
; mux:u_mux|dis_data[9]                               ; mux:u_mux|Mux20     ; yes                    ;
; mux:u_mux|dis_data[12]                              ; mux:u_mux|Mux20     ; yes                    ;
; mux:u_mux|dis_data[15]                              ; mux:u_mux|Mux20     ; yes                    ;
; mux:u_mux|dis_data[14]                              ; mux:u_mux|Mux20     ; yes                    ;
; Number of user-specified and inferred latches = 18  ;                     ;                        ;
+-----------------------------------------------------+---------------------+------------------------+
Note: All latches listed above may not be present at the end of synthesis due to various synthesis optimizations.


+--------------------------------------------------------------------------------+
; Registers Removed During Synthesis                                             ;
+---------------------------------------+----------------------------------------+
; Register name                         ; Reason for Removal                     ;
+---------------------------------------+----------------------------------------+
; seg:u_seg|num_disp[4]                 ; Stuck at GND due to stuck port data_in ;
; Total Number of Removed Registers = 1 ;                                        ;
+---------------------------------------+----------------------------------------+


+------------------------------------------------------+
; General Register Statistics                          ;
+----------------------------------------------+-------+
; Statistic                                    ; Value ;
+----------------------------------------------+-------+
; Total registers                              ; 114   ;
; Number of registers using Synchronous Clear  ; 58    ;
; Number of registers using Synchronous Load   ; 0     ;
; Number of registers using Asynchronous Clear ; 102   ;
; Number of registers using Asynchronous Load  ; 0     ;
; Number of registers using Clock Enable       ; 9     ;
; Number of registers using Preset             ; 0     ;
+----------------------------------------------+-------+


+---------------------------------------------------+
; Inverted Register Statistics                      ;
+-----------------------------------------+---------+
; Inverted Register                       ; Fan out ;
+-----------------------------------------+---------+
; seg:u_seg|seg_sel[0]                    ; 1       ;
; seg:u_seg|seg_sel[1]                    ; 1       ;
; seg:u_seg|seg_sel[2]                    ; 1       ;
; seg:u_seg|seg_sel[3]                    ; 1       ;
; seg:u_seg|seg_led[0]                    ; 1       ;
; seg:u_seg|seg_led[1]                    ; 1       ;
; seg:u_seg|seg_led[2]                    ; 1       ;
; seg:u_seg|seg_led[3]                    ; 1       ;
; seg:u_seg|seg_led[4]                    ; 1       ;
; seg:u_seg|seg_led[5]                    ; 1       ;
; seg:u_seg|seg_led[6]                    ; 1       ;
; seg:u_seg|seg_led[7]                    ; 2       ;
; seg:u_seg|dri_clk                       ; 50      ;
; seg:u_seg|point_disp                    ; 1       ;
; Total number of inverted registers = 14 ;         ;
+-----------------------------------------+---------+


+------------------------------------------------------------------------------------------------------------------------------------------------+
; Multiplexer Restructuring Statistics (Restructuring Performed)                                                                                 ;
+--------------------+-----------+---------------+----------------------+------------------------+------------+----------------------------------+
; Multiplexer Inputs ; Bus Width ; Baseline Area ; Area if Restructured ; Saving if Restructured ; Registered ; Example Multiplexer Output       ;
+--------------------+-----------+---------------+----------------------+------------------------+------------+----------------------------------+
; 4:1                ; 4 bits    ; 8 LEs         ; 8 LEs                ; 0 LEs                  ; Yes        ; |top_czcjj|seg:u_seg|num_disp[3] ;
; 16:1               ; 7 bits    ; 70 LEs        ; 42 LEs               ; 28 LEs                 ; Yes        ; |top_czcjj|seg:u_seg|seg_led[1]  ;
; 3:1                ; 16 bits   ; 32 LEs        ; 32 LEs               ; 0 LEs                  ; No         ; |top_czcjj|mux:u_mux|Mux16       ;
+--------------------+-----------+---------------+----------------------+------------------------+------------+----------------------------------+


+-----------------------------------------------------------------+
; Parameter Settings for User Entity Instance: count_1s:u_count_1 ;
+----------------+------------------------------+-----------------+
; Parameter Name ; Value                        ; Type            ;
+----------------+------------------------------+-----------------+
; time_60        ; 00111100                     ; Unsigned Binary ;
; MAX_NUM        ; 0001011111010111100000111111 ; Unsigned Binary ;
+----------------+------------------------------+-----------------+
Note: In order to hide this table in the UI and the text report file, please set the "Show Parameter Settings in Synthesis Report" option in "Analysis and Synthesis Settings -> More Settings" to "Off".


+----------------------------------------------------------------------------+
; Parameter Settings for Inferred Entity Instance: seg:u_seg|lpm_divide:Div0 ;
+------------------------+----------------+----------------------------------+
; Parameter Name         ; Value          ; Type                             ;
+------------------------+----------------+----------------------------------+
; LPM_WIDTHN             ; 16             ; Untyped                          ;
; LPM_WIDTHD             ; 4              ; Untyped                          ;
; LPM_NREPRESENTATION    ; UNSIGNED       ; Untyped                          ;
; LPM_DREPRESENTATION    ; UNSIGNED       ; Untyped                          ;
; LPM_PIPELINE           ; 0              ; Untyped                          ;
; LPM_REMAINDERPOSITIVE  ; TRUE           ; Untyped                          ;
; MAXIMIZE_SPEED         ; 5              ; Untyped                          ;
; CBXI_PARAMETER         ; lpm_divide_2jm ; Untyped                          ;
; CARRY_CHAIN            ; MANUAL         ; Untyped                          ;
; OPTIMIZE_FOR_SPEED     ; 5              ; Untyped                          ;
; AUTO_CARRY_CHAINS      ; ON             ; AUTO_CARRY                       ;
; IGNORE_CARRY_BUFFERS   ; OFF            ; IGNORE_CARRY                     ;
; AUTO_CASCADE_CHAINS    ; ON             ; AUTO_CASCADE                     ;
; IGNORE_CASCADE_BUFFERS ; OFF            ; IGNORE_CASCADE                   ;
+------------------------+----------------+----------------------------------+
Note: In order to hide this table in the UI and the text report file, please set the "Show Parameter Settings in Synthesis Report" option in "Analysis and Synthesis Settings -> More Settings" to "Off".


+----------------------------------------------------------------------------+
; Parameter Settings for Inferred Entity Instance: seg:u_seg|lpm_divide:Mod1 ;
+------------------------+----------------+----------------------------------+
; Parameter Name         ; Value          ; Type                             ;
+------------------------+----------------+----------------------------------+
; LPM_WIDTHN             ; 16             ; Untyped                          ;
; LPM_WIDTHD             ; 4              ; Untyped                          ;
; LPM_NREPRESENTATION    ; UNSIGNED       ; Untyped                          ;
; LPM_DREPRESENTATION    ; UNSIGNED       ; Untyped                          ;
; LPM_PIPELINE           ; 0              ; Untyped                          ;
; LPM_REMAINDERPOSITIVE  ; TRUE           ; Untyped                          ;
; MAXIMIZE_SPEED         ; 5              ; Untyped                          ;
; CBXI_PARAMETER         ; lpm_divide_5bm ; Untyped                          ;
; CARRY_CHAIN            ; MANUAL         ; Untyped                          ;
; OPTIMIZE_FOR_SPEED     ; 5              ; Untyped                          ;
; AUTO_CARRY_CHAINS      ; ON             ; AUTO_CARRY                       ;
; IGNORE_CARRY_BUFFERS   ; OFF            ; IGNORE_CARRY                     ;
; AUTO_CASCADE_CHAINS    ; ON             ; AUTO_CASCADE                     ;
; IGNORE_CASCADE_BUFFERS ; OFF            ; IGNORE_CASCADE                   ;
+------------------------+----------------+----------------------------------+
Note: In order to hide this table in the UI and the text report file, please set the "Show Parameter Settings in Synthesis Report" option in "Analysis and Synthesis Settings -> More Settings" to "Off".


+----------------------------------------------------------------------------+
; Parameter Settings for Inferred Entity Instance: seg:u_seg|lpm_divide:Div1 ;
+------------------------+----------------+----------------------------------+
; Parameter Name         ; Value          ; Type                             ;
+------------------------+----------------+----------------------------------+
; LPM_WIDTHN             ; 16             ; Untyped                          ;
; LPM_WIDTHD             ; 7              ; Untyped                          ;
; LPM_NREPRESENTATION    ; UNSIGNED       ; Untyped                          ;
; LPM_DREPRESENTATION    ; UNSIGNED       ; Untyped                          ;
; LPM_PIPELINE           ; 0              ; Untyped                          ;
; LPM_REMAINDERPOSITIVE  ; TRUE           ; Untyped                          ;
; MAXIMIZE_SPEED         ; 5              ; Untyped                          ;
; CBXI_PARAMETER         ; lpm_divide_5jm ; Untyped                          ;
; CARRY_CHAIN            ; MANUAL         ; Untyped                          ;
; OPTIMIZE_FOR_SPEED     ; 5              ; Untyped                          ;
; AUTO_CARRY_CHAINS      ; ON             ; AUTO_CARRY                       ;
; IGNORE_CARRY_BUFFERS   ; OFF            ; IGNORE_CARRY                     ;
; AUTO_CASCADE_CHAINS    ; ON             ; AUTO_CASCADE                     ;
; IGNORE_CASCADE_BUFFERS ; OFF            ; IGNORE_CASCADE                   ;
+------------------------+----------------+----------------------------------+
Note: In order to hide this table in the UI and the text report file, please set the "Show Parameter Settings in Synthesis Report" option in "Analysis and Synthesis Settings -> More Settings" to "Off".


+----------------------------------------------------------------------------+
; Parameter Settings for Inferred Entity Instance: seg:u_seg|lpm_divide:Mod2 ;
+------------------------+----------------+----------------------------------+
; Parameter Name         ; Value          ; Type                             ;
+------------------------+----------------+----------------------------------+
; LPM_WIDTHN             ; 16             ; Untyped                          ;
; LPM_WIDTHD             ; 4              ; Untyped                          ;
; LPM_NREPRESENTATION    ; UNSIGNED       ; Untyped                          ;
; LPM_DREPRESENTATION    ; UNSIGNED       ; Untyped                          ;
; LPM_PIPELINE           ; 0              ; Untyped                          ;
; LPM_REMAINDERPOSITIVE  ; TRUE           ; Untyped                          ;
; MAXIMIZE_SPEED         ; 5              ; Untyped                          ;
; CBXI_PARAMETER         ; lpm_divide_5bm ; Untyped                          ;
; CARRY_CHAIN            ; MANUAL         ; Untyped                          ;
; OPTIMIZE_FOR_SPEED     ; 5              ; Untyped                          ;
; AUTO_CARRY_CHAINS      ; ON             ; AUTO_CARRY                       ;
; IGNORE_CARRY_BUFFERS   ; OFF            ; IGNORE_CARRY                     ;
; AUTO_CASCADE_CHAINS    ; ON             ; AUTO_CASCADE                     ;
; IGNORE_CASCADE_BUFFERS ; OFF            ; IGNORE_CASCADE                   ;
+------------------------+----------------+----------------------------------+
Note: In order to hide this table in the UI and the text report file, please set the "Show Parameter Settings in Synthesis Report" option in "Analysis and Synthesis Settings -> More Settings" to "Off".


+----------------------------------------------------------------------------+
; Parameter Settings for Inferred Entity Instance: seg:u_seg|lpm_divide:Mod0 ;
+------------------------+----------------+----------------------------------+
; Parameter Name         ; Value          ; Type                             ;
+------------------------+----------------+----------------------------------+
; LPM_WIDTHN             ; 16             ; Untyped                          ;
; LPM_WIDTHD             ; 4              ; Untyped                          ;
; LPM_NREPRESENTATION    ; UNSIGNED       ; Untyped                          ;
; LPM_DREPRESENTATION    ; UNSIGNED       ; Untyped                          ;
; LPM_PIPELINE           ; 0              ; Untyped                          ;
; LPM_REMAINDERPOSITIVE  ; TRUE           ; Untyped                          ;
; MAXIMIZE_SPEED         ; 5              ; Untyped                          ;
; CBXI_PARAMETER         ; lpm_divide_5bm ; Untyped                          ;
; CARRY_CHAIN            ; MANUAL         ; Untyped                          ;
; OPTIMIZE_FOR_SPEED     ; 5              ; Untyped                          ;
; AUTO_CARRY_CHAINS      ; ON             ; AUTO_CARRY                       ;
; IGNORE_CARRY_BUFFERS   ; OFF            ; IGNORE_CARRY                     ;
; AUTO_CASCADE_CHAINS    ; ON             ; AUTO_CASCADE                     ;
; IGNORE_CASCADE_BUFFERS ; OFF            ; IGNORE_CASCADE                   ;
+------------------------+----------------+----------------------------------+
Note: In order to hide this table in the UI and the text report file, please set the "Show Parameter Settings in Synthesis Report" option in "Analysis and Synthesis Settings -> More Settings" to "Off".


+----------------------------------------------------------------------------+
; Parameter Settings for Inferred Entity Instance: seg:u_seg|lpm_divide:Div2 ;
+------------------------+----------------+----------------------------------+
; Parameter Name         ; Value          ; Type                             ;
+------------------------+----------------+----------------------------------+
; LPM_WIDTHN             ; 16             ; Untyped                          ;
; LPM_WIDTHD             ; 10             ; Untyped                          ;
; LPM_NREPRESENTATION    ; UNSIGNED       ; Untyped                          ;
; LPM_DREPRESENTATION    ; UNSIGNED       ; Untyped                          ;
; LPM_PIPELINE           ; 0              ; Untyped                          ;
; LPM_REMAINDERPOSITIVE  ; TRUE           ; Untyped                          ;
; MAXIMIZE_SPEED         ; 5              ; Untyped                          ;
; CBXI_PARAMETER         ; lpm_divide_fkm ; Untyped                          ;
; CARRY_CHAIN            ; MANUAL         ; Untyped                          ;
; OPTIMIZE_FOR_SPEED     ; 5              ; Untyped                          ;
; AUTO_CARRY_CHAINS      ; ON             ; AUTO_CARRY                       ;
; IGNORE_CARRY_BUFFERS   ; OFF            ; IGNORE_CARRY                     ;
; AUTO_CASCADE_CHAINS    ; ON             ; AUTO_CASCADE                     ;
; IGNORE_CASCADE_BUFFERS ; OFF            ; IGNORE_CASCADE                   ;
+------------------------+----------------+----------------------------------+
Note: In order to hide this table in the UI and the text report file, please set the "Show Parameter Settings in Synthesis Report" option in "Analysis and Synthesis Settings -> More Settings" to "Off".


+----------------------------------------------------------------------------+
; Parameter Settings for Inferred Entity Instance: seg:u_seg|lpm_divide:Mod3 ;
+------------------------+----------------+----------------------------------+
; Parameter Name         ; Value          ; Type                             ;
+------------------------+----------------+----------------------------------+
; LPM_WIDTHN             ; 16             ; Untyped                          ;
; LPM_WIDTHD             ; 4              ; Untyped                          ;
; LPM_NREPRESENTATION    ; UNSIGNED       ; Untyped                          ;
; LPM_DREPRESENTATION    ; UNSIGNED       ; Untyped                          ;
; LPM_PIPELINE           ; 0              ; Untyped                          ;
; LPM_REMAINDERPOSITIVE  ; TRUE           ; Untyped                          ;
; MAXIMIZE_SPEED         ; 5              ; Untyped                          ;
; CBXI_PARAMETER         ; lpm_divide_5bm ; Untyped                          ;
; CARRY_CHAIN            ; MANUAL         ; Untyped                          ;
; OPTIMIZE_FOR_SPEED     ; 5              ; Untyped                          ;
; AUTO_CARRY_CHAINS      ; ON             ; AUTO_CARRY                       ;
; IGNORE_CARRY_BUFFERS   ; OFF            ; IGNORE_CARRY                     ;
; AUTO_CASCADE_CHAINS    ; ON             ; AUTO_CASCADE                     ;
; IGNORE_CASCADE_BUFFERS ; OFF            ; IGNORE_CASCADE                   ;
+------------------------+----------------+----------------------------------+
Note: In order to hide this table in the UI and the text report file, please set the "Show Parameter Settings in Synthesis Report" option in "Analysis and Synthesis Settings -> More Settings" to "Off".


+-------------------------------------------------------------------------------------+
; Parameter Settings for Inferred Entity Instance: lpm_mult:Mult0                     ;
+------------------------------------------------+--------------+---------------------+
; Parameter Name                                 ; Value        ; Type                ;
+------------------------------------------------+--------------+---------------------+
; AUTO_CARRY_CHAINS                              ; ON           ; AUTO_CARRY          ;
; IGNORE_CARRY_BUFFERS                           ; OFF          ; IGNORE_CARRY        ;
; AUTO_CASCADE_CHAINS                            ; ON           ; AUTO_CASCADE        ;
; IGNORE_CASCADE_BUFFERS                         ; OFF          ; IGNORE_CASCADE      ;
; LPM_WIDTHA                                     ; 8            ; Untyped             ;
; LPM_WIDTHB                                     ; 7            ; Untyped             ;
; LPM_WIDTHP                                     ; 15           ; Untyped             ;
; LPM_WIDTHR                                     ; 15           ; Untyped             ;
; LPM_WIDTHS                                     ; 1            ; Untyped             ;
; LPM_REPRESENTATION                             ; UNSIGNED     ; Untyped             ;
; LPM_PIPELINE                                   ; 0            ; Untyped             ;
; LATENCY                                        ; 0            ; Untyped             ;
; INPUT_A_IS_CONSTANT                            ; NO           ; Untyped             ;
; INPUT_B_IS_CONSTANT                            ; YES          ; Untyped             ;
; USE_EAB                                        ; OFF          ; Untyped             ;
; MAXIMIZE_SPEED                                 ; 5            ; Untyped             ;
; DEVICE_FAMILY                                  ; Cyclone IV E ; Untyped             ;
; CARRY_CHAIN                                    ; MANUAL       ; Untyped             ;
; APEX20K_TECHNOLOGY_MAPPER                      ; LUT          ; TECH_MAPPER_APEX20K ;
; DEDICATED_MULTIPLIER_CIRCUITRY                 ; AUTO         ; Untyped             ;
; DEDICATED_MULTIPLIER_MIN_INPUT_WIDTH_FOR_AUTO  ; 0            ; Untyped             ;
; DEDICATED_MULTIPLIER_MIN_OUTPUT_WIDTH_FOR_AUTO ; 0            ; Untyped             ;
; CBXI_PARAMETER                                 ; NOTHING      ; Untyped             ;
; INPUT_A_FIXED_VALUE                            ; Bx           ; Untyped             ;
; INPUT_B_FIXED_VALUE                            ; Bx           ; Untyped             ;
; USE_AHDL_IMPLEMENTATION                        ; OFF          ; Untyped             ;
+------------------------------------------------+--------------+---------------------+
Note: In order to hide this table in the UI and the text report file, please set the "Show Parameter Settings in Synthesis Report" option in "Analysis and Synthesis Settings -> More Settings" to "Off".


+--------------------------------------------------------+
; lpm_mult Parameter Settings by Entity Instance         ;
+---------------------------------------+----------------+
; Name                                  ; Value          ;
+---------------------------------------+----------------+
; Number of entity instances            ; 1              ;
; Entity Instance                       ; lpm_mult:Mult0 ;
;     -- LPM_WIDTHA                     ; 8              ;
;     -- LPM_WIDTHB                     ; 7              ;
;     -- LPM_WIDTHP                     ; 15             ;
;     -- LPM_REPRESENTATION             ; UNSIGNED       ;
;     -- INPUT_A_IS_CONSTANT            ; NO             ;
;     -- INPUT_B_IS_CONSTANT            ; YES            ;
;     -- USE_EAB                        ; OFF            ;
;     -- DEDICATED_MULTIPLIER_CIRCUITRY ; AUTO           ;
;     -- INPUT_A_FIXED_VALUE            ; Bx             ;
;     -- INPUT_B_FIXED_VALUE            ; Bx             ;
+---------------------------------------+----------------+


+------------------------------------------------------------------------------------------------------------------------------------------------------------------------------------------------------------------------------------+
; Port Connectivity Checks: "mux:u_mux"                                                                                                                                                                                              ;
+--------------------------+--------+----------+-------------------------------------------------------------------------------------------------------------------------------------------------------------------------------------+
; Port                     ; Type   ; Severity ; Details                                                                                                                                                                             ;
+--------------------------+--------+----------+-------------------------------------------------------------------------------------------------------------------------------------------------------------------------------------+
; data_1_kilometer[11..5]  ; Input  ; Info     ; Stuck at VCC                                                                                                                                                                        ;
; data_1_kilometer[3..2]   ; Input  ; Info     ; Stuck at VCC                                                                                                                                                                        ;
; data_1_kilometer[15..12] ; Input  ; Info     ; Stuck at GND                                                                                                                                                                        ;
; data_1_kilometer[4]      ; Input  ; Info     ; Stuck at GND                                                                                                                                                                        ;
; data_1_kilometer[1]      ; Input  ; Info     ; Stuck at GND                                                                                                                                                                        ;
; data_1_kilometer[0]      ; Input  ; Info     ; Stuck at VCC                                                                                                                                                                        ;
; data_1_point[3..2]       ; Input  ; Info     ; Stuck at GND                                                                                                                                                                        ;
; data_1_point[1]          ; Input  ; Info     ; Stuck at VCC                                                                                                                                                                        ;
; data_1_point[0]          ; Input  ; Info     ; Stuck at GND                                                                                                                                                                        ;
; data_2_time              ; Input  ; Warning  ; Input port expression (32 bits) is wider than the input port (16 bits) it drives.  The 16 most-significant bit(s) in the expression will be dangling if they have no other fanouts. ;
; data_2_point             ; Input  ; Warning  ; Input port expression (5 bits) is wider than the input port (4 bits) it drives.  The 1 most-significant bit(s) in the expression will be dangling if they have no other fanouts.    ;
; data_3_price             ; Input  ; Warning  ; Input port expression (8 bits) is smaller than the input port (16 bits) it drives.  Extra input bit(s) "data_3_price[15..8]" will be connected to GND.                              ;
; data_3_price[7..3]       ; Input  ; Info     ; Stuck at VCC                                                                                                                                                                        ;
; data_3_price[1..0]       ; Input  ; Info     ; Stuck at VCC                                                                                                                                                                        ;
; data_3_price[10]         ; Input  ; Info     ; Stuck at GND                                                                                                                                                                        ;
; data_3_point[3..2]       ; Input  ; Info     ; Stuck at GND                                                                                                                                                                        ;
; data_3_point[1]          ; Input  ; Info     ; Stuck at VCC                                                                                                                                                                        ;
; data_3_point[0]          ; Input  ; Info     ; Stuck at GND                                                                                                                                                                        ;
; dis_point                ; Output ; Warning  ; Output or bidir port (4 bits) is smaller than the port expression (5 bits) it drives.  The 1 most-significant bit(s) in the port expression will be connected to GND.               ;
+--------------------------+--------+----------+-------------------------------------------------------------------------------------------------------------------------------------------------------------------------------------+


+-------------------------------------------------------------------------------------------------------------------------------------------------------------------------------------------------------------+
; Port Connectivity Checks: "seg:u_seg"                                                                                                                                                                       ;
+-------+-------+----------+----------------------------------------------------------------------------------------------------------------------------------------------------------------------------------+
; Port  ; Type  ; Severity ; Details                                                                                                                                                                          ;
+-------+-------+----------+----------------------------------------------------------------------------------------------------------------------------------------------------------------------------------+
; point ; Input ; Warning  ; Input port expression (5 bits) is wider than the input port (4 bits) it drives.  The 1 most-significant bit(s) in the expression will be dangling if they have no other fanouts. ;
+-------+-------+----------+----------------------------------------------------------------------------------------------------------------------------------------------------------------------------------+


+---------------------------------------------------------------------------------------------------------------------------------------------------------------------------------------------------+
; Port Connectivity Checks: "count_1s:u_count_1"                                                                                                                                                    ;
+-------+--------+----------+-----------------------------------------------------------------------------------------------------------------------------------------------------------------------+
; Port  ; Type   ; Severity ; Details                                                                                                                                                               ;
+-------+--------+----------+-----------------------------------------------------------------------------------------------------------------------------------------------------------------------+
; EN    ; Input  ; Info     ; Stuck at VCC                                                                                                                                                          ;
; point ; Output ; Warning  ; Output or bidir port (4 bits) is smaller than the port expression (5 bits) it drives.  The 1 most-significant bit(s) in the port expression will be connected to GND. ;
+-------+--------+----------+-----------------------------------------------------------------------------------------------------------------------------------------------------------------------+


+-------------------------------+
; Elapsed Time Per Partition    ;
+----------------+--------------+
; Partition Name ; Elapsed Time ;
+----------------+--------------+
; Top            ; 00:00:08     ;
+----------------+--------------+


+-------------------------------+
; Analysis & Synthesis Messages ;
+-------------------------------+
Info: *******************************************************************
Info: Running Quartus II 64-Bit Analysis & Synthesis
    Info: Version 13.1.0 Build 162 10/23/2013 SJ Full Version
    Info: Processing started: Wed Dec 19 18:02:14 2018
Info: Command: quartus_map --read_settings_files=on --write_settings_files=off top -c top
Info (11104): Parallel Compilation has detected 8 hyper-threaded processors. However, the extra hyper-threaded processors will not be used by default. Parallel Compilation will use 4 of the 4 physical processors detected instead.
Info (12021): Found 1 design units, including 1 entities, in source file key.v
    Info (12023): Found entity 1: key
Info (12021): Found 1 design units, including 1 entities, in source file seg.v
    Info (12023): Found entity 1: seg
Info (12021): Found 1 design units, including 1 entities, in source file count_1s.v
    Info (12023): Found entity 1: count_1s
Info (12021): Found 1 design units, including 1 entities, in source file top_czcjj.v
    Info (12023): Found entity 1: top_czcjj
Warning (12090): Entity "mux" obtained from "mux.v" instead of from Quartus II megafunction library
Info (12021): Found 1 design units, including 1 entities, in source file mux.v
    Info (12023): Found entity 1: mux
Info (12127): Elaborating entity "top_czcjj" for the top level hierarchy
Info (12128): Elaborating entity "key" for hierarchy "key:u_key"
Info (12128): Elaborating entity "count_1s" for hierarchy "count_1s:u_count_1"
Info (12128): Elaborating entity "seg" for hierarchy "seg:u_seg"
Warning (10230): Verilog HDL assignment warning at seg.v(30): truncated value with size 16 to match size of target (4)
Warning (10230): Verilog HDL assignment warning at seg.v(31): truncated value with size 16 to match size of target (4)
Warning (10230): Verilog HDL assignment warning at seg.v(32): truncated value with size 16 to match size of target (4)
Warning (10230): Verilog HDL assignment warning at seg.v(33): truncated value with size 16 to match size of target (4)
Info (12128): Elaborating entity "mux" for hierarchy "mux:u_mux"
Warning (10270): Verilog HDL Case Statement warning at mux.v(36): incomplete case statement has no default case item
Warning (10240): Verilog HDL Always Construct warning at mux.v(34): inferring latch(es) for variable "dis_data", which holds its previous value in one or more paths through the always construct
Warning (10240): Verilog HDL Always Construct warning at mux.v(34): inferring latch(es) for variable "dis_point", which holds its previous value in one or more paths through the always construct
Info (10041): Inferred latch for "dis_point[0]" at mux.v(34)
Info (10041): Inferred latch for "dis_point[1]" at mux.v(34)
Info (10041): Inferred latch for "dis_point[2]" at mux.v(34)
Info (10041): Inferred latch for "dis_point[3]" at mux.v(34)
Info (10041): Inferred latch for "dis_data[0]" at mux.v(34)
Info (10041): Inferred latch for "dis_data[1]" at mux.v(34)
Info (10041): Inferred latch for "dis_data[2]" at mux.v(34)
Info (10041): Inferred latch for "dis_data[3]" at mux.v(34)
Info (10041): Inferred latch for "dis_data[4]" at mux.v(34)
Info (10041): Inferred latch for "dis_data[5]" at mux.v(34)
Info (10041): Inferred latch for "dis_data[6]" at mux.v(34)
Info (10041): Inferred latch for "dis_data[7]" at mux.v(34)
Info (10041): Inferred latch for "dis_data[8]" at mux.v(34)
Info (10041): Inferred latch for "dis_data[9]" at mux.v(34)
Info (10041): Inferred latch for "dis_data[10]" at mux.v(34)
Info (10041): Inferred latch for "dis_data[11]" at mux.v(34)
Info (10041): Inferred latch for "dis_data[12]" at mux.v(34)
Info (10041): Inferred latch for "dis_data[13]" at mux.v(34)
Info (10041): Inferred latch for "dis_data[14]" at mux.v(34)
Info (10041): Inferred latch for "dis_data[15]" at mux.v(34)
Warning (12011): Net is missing source, defaulting to GND
    Warning (12110): Net "dis_point[4]" is missing source, defaulting to GND
Warning (12011): Net is missing source, defaulting to GND
    Warning (12110): Net "second_point[4]" is missing source, defaulting to GND
    Warning (12110): Net "dis_point[4]" is missing source, defaulting to GND
Warning (12011): Net is missing source, defaulting to GND
    Warning (12110): Net "second_point[4]" is missing source, defaulting to GND
    Warning (12110): Net "dis_point[4]" is missing source, defaulting to GND
Info (278001): Inferred 8 megafunctions from design logic
    Info (278004): Inferred divider/modulo megafunction ("lpm_divide") from the following logic: "seg:u_seg|Div0"
    Info (278004): Inferred divider/modulo megafunction ("lpm_divide") from the following logic: "seg:u_seg|Mod1"
    Info (278004): Inferred divider/modulo megafunction ("lpm_divide") from the following logic: "seg:u_seg|Div1"
    Info (278004): Inferred divider/modulo megafunction ("lpm_divide") from the following logic: "seg:u_seg|Mod2"
    Info (278004): Inferred divider/modulo megafunction ("lpm_divide") from the following logic: "seg:u_seg|Mod0"
    Info (278004): Inferred divider/modulo megafunction ("lpm_divide") from the following logic: "seg:u_seg|Div2"
    Info (278004): Inferred divider/modulo megafunction ("lpm_divide") from the following logic: "seg:u_seg|Mod3"
    Info (278003): Inferred multiplier megafunction ("lpm_mult") from the following logic: "Mult0"
Info (12130): Elaborated megafunction instantiation "seg:u_seg|lpm_divide:Div0"
Info (12133): Instantiated megafunction "seg:u_seg|lpm_divide:Div0" with the following parameter:
    Info (12134): Parameter "LPM_WIDTHN" = "16"
    Info (12134): Parameter "LPM_WIDTHD" = "4"
    Info (12134): Parameter "LPM_NREPRESENTATION" = "UNSIGNED"
    Info (12134): Parameter "LPM_DREPRESENTATION" = "UNSIGNED"
Info (12021): Found 1 design units, including 1 entities, in source file db/lpm_divide_2jm.tdf
    Info (12023): Found entity 1: lpm_divide_2jm
Info (12021): Found 1 design units, including 1 entities, in source file db/sign_div_unsign_qlh.tdf
    Info (12023): Found entity 1: sign_div_unsign_qlh
Info (12021): Found 1 design units, including 1 entities, in source file db/alt_u_div_87f.tdf
    Info (12023): Found entity 1: alt_u_div_87f
Info (12021): Found 1 design units, including 1 entities, in source file db/add_sub_7pc.tdf
    Info (12023): Found entity 1: add_sub_7pc
Info (12021): Found 1 design units, including 1 entities, in source file db/add_sub_8pc.tdf
    Info (12023): Found entity 1: add_sub_8pc
Info (12130): Elaborated megafunction instantiation "seg:u_seg|lpm_divide:Mod1"
Info (12133): Instantiated megafunction "seg:u_seg|lpm_divide:Mod1" with the following parameter:
    Info (12134): Parameter "LPM_WIDTHN" = "16"
    Info (12134): Parameter "LPM_WIDTHD" = "4"
    Info (12134): Parameter "LPM_NREPRESENTATION" = "UNSIGNED"
    Info (12134): Parameter "LPM_DREPRESENTATION" = "UNSIGNED"
Info (12021): Found 1 design units, including 1 entities, in source file db/lpm_divide_5bm.tdf
    Info (12023): Found entity 1: lpm_divide_5bm
Info (12130): Elaborated megafunction instantiation "seg:u_seg|lpm_divide:Div1"
Info (12133): Instantiated megafunction "seg:u_seg|lpm_divide:Div1" with the following parameter:
    Info (12134): Parameter "LPM_WIDTHN" = "16"
    Info (12134): Parameter "LPM_WIDTHD" = "7"
    Info (12134): Parameter "LPM_NREPRESENTATION" = "UNSIGNED"
    Info (12134): Parameter "LPM_DREPRESENTATION" = "UNSIGNED"
Info (12021): Found 1 design units, including 1 entities, in source file db/lpm_divide_5jm.tdf
    Info (12023): Found entity 1: lpm_divide_5jm
Info (12021): Found 1 design units, including 1 entities, in source file db/sign_div_unsign_tlh.tdf
    Info (12023): Found entity 1: sign_div_unsign_tlh
Info (12021): Found 1 design units, including 1 entities, in source file db/alt_u_div_e7f.tdf
    Info (12023): Found entity 1: alt_u_div_e7f
Info (12130): Elaborated megafunction instantiation "seg:u_seg|lpm_divide:Div2"
Info (12133): Instantiated megafunction "seg:u_seg|lpm_divide:Div2" with the following parameter:
    Info (12134): Parameter "LPM_WIDTHN" = "16"
    Info (12134): Parameter "LPM_WIDTHD" = "10"
    Info (12134): Parameter "LPM_NREPRESENTATION" = "UNSIGNED"
    Info (12134): Parameter "LPM_DREPRESENTATION" = "UNSIGNED"
Info (12021): Found 1 design units, including 1 entities, in source file db/lpm_divide_fkm.tdf
    Info (12023): Found entity 1: lpm_divide_fkm
Info (12021): Found 1 design units, including 1 entities, in source file db/sign_div_unsign_7nh.tdf
    Info (12023): Found entity 1: sign_div_unsign_7nh
Info (12021): Found 1 design units, including 1 entities, in source file db/alt_u_div_2af.tdf
    Info (12023): Found entity 1: alt_u_div_2af
Info (12130): Elaborated megafunction instantiation "lpm_mult:Mult0"
Info (12133): Instantiated megafunction "lpm_mult:Mult0" with the following parameter:
    Info (12134): Parameter "LPM_WIDTHA" = "8"
    Info (12134): Parameter "LPM_WIDTHB" = "7"
    Info (12134): Parameter "LPM_WIDTHP" = "15"
    Info (12134): Parameter "LPM_WIDTHR" = "15"
    Info (12134): Parameter "LPM_WIDTHS" = "1"
    Info (12134): Parameter "LPM_REPRESENTATION" = "UNSIGNED"
    Info (12134): Parameter "INPUT_A_IS_CONSTANT" = "NO"
    Info (12134): Parameter "INPUT_B_IS_CONSTANT" = "YES"
    Info (12134): Parameter "MAXIMIZE_SPEED" = "5"
Info (12131): Elaborated megafunction instantiation "lpm_mult:Mult0|multcore:mult_core", which is child of megafunction instantiation "lpm_mult:Mult0"
Info (12131): Elaborated megafunction instantiation "lpm_mult:Mult0|multcore:mult_core|mpar_add:padder", which is child of megafunction instantiation "lpm_mult:Mult0"
Info (12131): Elaborated megafunction instantiation "lpm_mult:Mult0|multcore:mult_core|mpar_add:padder|lpm_add_sub:adder[0]", which is child of megafunction instantiation "lpm_mult:Mult0"
Info (12021): Found 1 design units, including 1 entities, in source file db/add_sub_kgh.tdf
    Info (12023): Found entity 1: add_sub_kgh
Info (12131): Elaborated megafunction instantiation "lpm_mult:Mult0|altshift:external_latency_ffs", which is child of megafunction instantiation "lpm_mult:Mult0"
Warning (12241): 3 hierarchies have connectivity warnings - see the Connectivity Checks report folder
Warning (13012): Latch mux:u_mux|dis_point[1] has unsafe behavior
    Warning (13013): Ports D and ENA on the latch are fed by the same signal mux:u_mux|cnt[0]
Warning (13012): Latch mux:u_mux|dis_point[2] has unsafe behavior
    Warning (13013): Ports D and ENA on the latch are fed by the same signal mux:u_mux|cnt[0]
Warning (13012): Latch mux:u_mux|dis_data[3] has unsafe behavior
    Warning (13013): Ports D and ENA on the latch are fed by the same signal mux:u_mux|cnt[0]
Warning (13012): Latch mux:u_mux|dis_data[1] has unsafe behavior
    Warning (13013): Ports D and ENA on the latch are fed by the same signal mux:u_mux|cnt[1]
Warning (13012): Latch mux:u_mux|dis_data[2] has unsafe behavior
    Warning (13013): Ports D and ENA on the latch are fed by the same signal mux:u_mux|cnt[1]
Warning (13012): Latch mux:u_mux|dis_data[0] has unsafe behavior
    Warning (13013): Ports D and ENA on the latch are fed by the same signal mux:u_mux|cnt[0]
Warning (13012): Latch mux:u_mux|dis_data[7] has unsafe behavior
    Warning (13013): Ports D and ENA on the latch are fed by the same signal mux:u_mux|cnt[0]
Warning (13012): Latch mux:u_mux|dis_data[10] has unsafe behavior
    Warning (13013): Ports D and ENA on the latch are fed by the same signal mux:u_mux|cnt[1]
Warning (13012): Latch mux:u_mux|dis_data[6] has unsafe behavior
    Warning (13013): Ports D and ENA on the latch are fed by the same signal mux:u_mux|cnt[0]
Warning (13012): Latch mux:u_mux|dis_data[5] has unsafe behavior
    Warning (13013): Ports D and ENA on the latch are fed by the same signal mux:u_mux|cnt[0]
Warning (13012): Latch mux:u_mux|dis_data[4] has unsafe behavior
    Warning (13013): Ports D and ENA on the latch are fed by the same signal mux:u_mux|cnt[1]
Warning (13012): Latch mux:u_mux|dis_data[13] has unsafe behavior
    Warning (13013): Ports D and ENA on the latch are fed by the same signal mux:u_mux|cnt[0]
Warning (13012): Latch mux:u_mux|dis_data[8] has unsafe behavior
    Warning (13013): Ports D and ENA on the latch are fed by the same signal mux:u_mux|cnt[1]
Warning (13012): Latch mux:u_mux|dis_data[11] has unsafe behavior
    Warning (13013): Ports D and ENA on the latch are fed by the same signal mux:u_mux|cnt[1]
Warning (13012): Latch mux:u_mux|dis_data[9] has unsafe behavior
    Warning (13013): Ports D and ENA on the latch are fed by the same signal mux:u_mux|cnt[1]
Warning (13012): Latch mux:u_mux|dis_data[12] has unsafe behavior
    Warning (13013): Ports D and ENA on the latch are fed by the same signal mux:u_mux|cnt[0]
Warning (13012): Latch mux:u_mux|dis_data[15] has unsafe behavior
    Warning (13013): Ports D and ENA on the latch are fed by the same signal mux:u_mux|cnt[0]
Warning (13012): Latch mux:u_mux|dis_data[14] has unsafe behavior
    Warning (13013): Ports D and ENA on the latch are fed by the same signal mux:u_mux|cnt[0]
Info (13000): Registers with preset signals will power-up high
Info (13003): DEV_CLRn pin will set, and not reset, register with preset signal due to NOT Gate Push-Back
Info (286030): Timing-Driven Synthesis is running
Info (17016): Found the following redundant logic cells in design
    Info (17048): Logic cell "seg:u_seg|lpm_divide:Mod2|lpm_divide_5bm:auto_generated|sign_div_unsign_qlh:divider|alt_u_div_87f:divider|add_sub_9_result_int[0]~10"
    Info (17048): Logic cell "seg:u_seg|lpm_divide:Mod2|lpm_divide_5bm:auto_generated|sign_div_unsign_qlh:divider|alt_u_div_87f:divider|add_sub_10_result_int[0]~10"
    Info (17048): Logic cell "seg:u_seg|lpm_divide:Mod2|lpm_divide_5bm:auto_generated|sign_div_unsign_qlh:divider|alt_u_div_87f:divider|add_sub_11_result_int[0]~10"
    Info (17048): Logic cell "seg:u_seg|lpm_divide:Mod2|lpm_divide_5bm:auto_generated|sign_div_unsign_qlh:divider|alt_u_div_87f:divider|add_sub_12_result_int[0]~10"
    Info (17048): Logic cell "seg:u_seg|lpm_divide:Mod2|lpm_divide_5bm:auto_generated|sign_div_unsign_qlh:divider|alt_u_div_87f:divider|add_sub_13_result_int[0]~10"
    Info (17048): Logic cell "seg:u_seg|lpm_divide:Mod2|lpm_divide_5bm:auto_generated|sign_div_unsign_qlh:divider|alt_u_div_87f:divider|add_sub_14_result_int[0]~10"
    Info (17048): Logic cell "seg:u_seg|lpm_divide:Mod3|lpm_divide_5bm:auto_generated|sign_div_unsign_qlh:divider|alt_u_div_87f:divider|add_sub_12_result_int[0]~10"
    Info (17048): Logic cell "seg:u_seg|lpm_divide:Mod3|lpm_divide_5bm:auto_generated|sign_div_unsign_qlh:divider|alt_u_div_87f:divider|add_sub_13_result_int[0]~10"
    Info (17048): Logic cell "seg:u_seg|lpm_divide:Mod3|lpm_divide_5bm:auto_generated|sign_div_unsign_qlh:divider|alt_u_div_87f:divider|add_sub_14_result_int[0]~10"
    Info (17048): Logic cell "seg:u_seg|lpm_divide:Mod2|lpm_divide_5bm:auto_generated|sign_div_unsign_qlh:divider|alt_u_div_87f:divider|add_sub_15_result_int[0]~10"
    Info (17048): Logic cell "seg:u_seg|lpm_divide:Mod3|lpm_divide_5bm:auto_generated|sign_div_unsign_qlh:divider|alt_u_div_87f:divider|add_sub_15_result_int[0]~10"
Info (144001): Generated suppressed messages file F:/czcjj/output_files/top.map.smsg
Info (16010): Generating hard_block partition "hard_block:auto_generated_inst"
    Info (16011): Adding 0 node(s), including 0 DDIO, 0 PLL, 0 transceiver and 0 LCELL
Info (21057): Implemented 1198 device resources after synthesis - the final resource count might be different
    Info (21058): Implemented 5 input pins
    Info (21059): Implemented 14 output pins
    Info (21061): Implemented 1179 logic cells
Info: Quartus II 64-Bit Analysis & Synthesis was successful. 0 errors, 53 warnings
    Info: Peak virtual memory: 4698 megabytes
    Info: Processing ended: Wed Dec 19 18:02:27 2018
    Info: Elapsed time: 00:00:13
    Info: Total CPU time (on all processors): 00:00:12


+------------------------------------------+
; Analysis & Synthesis Suppressed Messages ;
+------------------------------------------+
The suppressed messages can be found in F:/czcjj/output_files/top.map.smsg.


